Archive member included to satisfy reference by file (symbol)

C:/ST/STM32CubeIDE_1.14.0/STM32CubeIDE/plugins/com.st.stm32cube.ide.mcu.externaltools.gnu-tools-for-stm32.12.3.rel1.win32_1.0.100.202403111256/tools/bin/../lib/gcc/arm-none-eabi/12.3.1/../../../../arm-none-eabi/lib/thumb/v7e-m+fp/hard\libc_nano.a(libc_a-exit.o)
                              C:/ST/STM32CubeIDE_1.14.0/STM32CubeIDE/plugins/com.st.stm32cube.ide.mcu.externaltools.gnu-tools-for-stm32.12.3.rel1.win32_1.0.100.202403111256/tools/bin/../lib/gcc/arm-none-eabi/12.3.1/../../../../arm-none-eabi/lib/thumb/v7e-m+fp/hard/crt0.o (exit)
C:/ST/STM32CubeIDE_1.14.0/STM32CubeIDE/plugins/com.st.stm32cube.ide.mcu.externaltools.gnu-tools-for-stm32.12.3.rel1.win32_1.0.100.202403111256/tools/bin/../lib/gcc/arm-none-eabi/12.3.1/../../../../arm-none-eabi/lib/thumb/v7e-m+fp/hard\libc_nano.a(libc_a-findfp.o)
                              C:/ST/STM32CubeIDE_1.14.0/STM32CubeIDE/plugins/com.st.stm32cube.ide.mcu.externaltools.gnu-tools-for-stm32.12.3.rel1.win32_1.0.100.202403111256/tools/bin/../lib/gcc/arm-none-eabi/12.3.1/../../../../arm-none-eabi/lib/thumb/v7e-m+fp/hard\libc_nano.a(libc_a-exit.o) (__stdio_exit_handler)
C:/ST/STM32CubeIDE_1.14.0/STM32CubeIDE/plugins/com.st.stm32cube.ide.mcu.externaltools.gnu-tools-for-stm32.12.3.rel1.win32_1.0.100.202403111256/tools/bin/../lib/gcc/arm-none-eabi/12.3.1/../../../../arm-none-eabi/lib/thumb/v7e-m+fp/hard\libc_nano.a(libc_a-fwalk.o)
                              C:/ST/STM32CubeIDE_1.14.0/STM32CubeIDE/plugins/com.st.stm32cube.ide.mcu.externaltools.gnu-tools-for-stm32.12.3.rel1.win32_1.0.100.202403111256/tools/bin/../lib/gcc/arm-none-eabi/12.3.1/../../../../arm-none-eabi/lib/thumb/v7e-m+fp/hard\libc_nano.a(libc_a-findfp.o) (_fwalk_sglue)
C:/ST/STM32CubeIDE_1.14.0/STM32CubeIDE/plugins/com.st.stm32cube.ide.mcu.externaltools.gnu-tools-for-stm32.12.3.rel1.win32_1.0.100.202403111256/tools/bin/../lib/gcc/arm-none-eabi/12.3.1/../../../../arm-none-eabi/lib/thumb/v7e-m+fp/hard\libc_nano.a(libc_a-stdio.o)
                              C:/ST/STM32CubeIDE_1.14.0/STM32CubeIDE/plugins/com.st.stm32cube.ide.mcu.externaltools.gnu-tools-for-stm32.12.3.rel1.win32_1.0.100.202403111256/tools/bin/../lib/gcc/arm-none-eabi/12.3.1/../../../../arm-none-eabi/lib/thumb/v7e-m+fp/hard\libc_nano.a(libc_a-findfp.o) (__sread)
C:/ST/STM32CubeIDE_1.14.0/STM32CubeIDE/plugins/com.st.stm32cube.ide.mcu.externaltools.gnu-tools-for-stm32.12.3.rel1.win32_1.0.100.202403111256/tools/bin/../lib/gcc/arm-none-eabi/12.3.1/../../../../arm-none-eabi/lib/thumb/v7e-m+fp/hard\libc_nano.a(libc_a-memset.o)
                              C:/ST/STM32CubeIDE_1.14.0/STM32CubeIDE/plugins/com.st.stm32cube.ide.mcu.externaltools.gnu-tools-for-stm32.12.3.rel1.win32_1.0.100.202403111256/tools/bin/../lib/gcc/arm-none-eabi/12.3.1/../../../../arm-none-eabi/lib/thumb/v7e-m+fp/hard/crt0.o (memset)
C:/ST/STM32CubeIDE_1.14.0/STM32CubeIDE/plugins/com.st.stm32cube.ide.mcu.externaltools.gnu-tools-for-stm32.12.3.rel1.win32_1.0.100.202403111256/tools/bin/../lib/gcc/arm-none-eabi/12.3.1/../../../../arm-none-eabi/lib/thumb/v7e-m+fp/hard\libc_nano.a(libc_a-closer.o)
                              C:/ST/STM32CubeIDE_1.14.0/STM32CubeIDE/plugins/com.st.stm32cube.ide.mcu.externaltools.gnu-tools-for-stm32.12.3.rel1.win32_1.0.100.202403111256/tools/bin/../lib/gcc/arm-none-eabi/12.3.1/../../../../arm-none-eabi/lib/thumb/v7e-m+fp/hard\libc_nano.a(libc_a-stdio.o) (_close_r)
C:/ST/STM32CubeIDE_1.14.0/STM32CubeIDE/plugins/com.st.stm32cube.ide.mcu.externaltools.gnu-tools-for-stm32.12.3.rel1.win32_1.0.100.202403111256/tools/bin/../lib/gcc/arm-none-eabi/12.3.1/../../../../arm-none-eabi/lib/thumb/v7e-m+fp/hard\libc_nano.a(libc_a-reent.o)
                              C:/ST/STM32CubeIDE_1.14.0/STM32CubeIDE/plugins/com.st.stm32cube.ide.mcu.externaltools.gnu-tools-for-stm32.12.3.rel1.win32_1.0.100.202403111256/tools/bin/../lib/gcc/arm-none-eabi/12.3.1/../../../../arm-none-eabi/lib/thumb/v7e-m+fp/hard\libc_nano.a(libc_a-closer.o) (errno)
C:/ST/STM32CubeIDE_1.14.0/STM32CubeIDE/plugins/com.st.stm32cube.ide.mcu.externaltools.gnu-tools-for-stm32.12.3.rel1.win32_1.0.100.202403111256/tools/bin/../lib/gcc/arm-none-eabi/12.3.1/../../../../arm-none-eabi/lib/thumb/v7e-m+fp/hard\libc_nano.a(libc_a-impure.o)
                              C:/ST/STM32CubeIDE_1.14.0/STM32CubeIDE/plugins/com.st.stm32cube.ide.mcu.externaltools.gnu-tools-for-stm32.12.3.rel1.win32_1.0.100.202403111256/tools/bin/../lib/gcc/arm-none-eabi/12.3.1/../../../../arm-none-eabi/lib/thumb/v7e-m+fp/hard\libc_nano.a(libc_a-reent.o) (_impure_ptr)
C:/ST/STM32CubeIDE_1.14.0/STM32CubeIDE/plugins/com.st.stm32cube.ide.mcu.externaltools.gnu-tools-for-stm32.12.3.rel1.win32_1.0.100.202403111256/tools/bin/../lib/gcc/arm-none-eabi/12.3.1/../../../../arm-none-eabi/lib/thumb/v7e-m+fp/hard\libc_nano.a(libc_a-lseekr.o)
[...]
Memory Configuration

Name             Origin             Length             Attributes
CCMRAM           0x10000000         0x00010000         xrw
RAM              0x20000000         0x00020000         xrw
FLASH            0x08000000         0x00100000         xr
*default*        0x00000000         0xffffffff

Linker script and memory map

LOAD C:/ST/STM32CubeIDE_1.14.0/STM32CubeIDE/plugins/com.st.stm32cube.ide.mcu.externaltools.gnu-tools-for-stm32.12.3.rel1.win32_1.0.100.202403111256/tools/bin/../lib/gcc/arm-none-eabi/12.3.1/thumb/v7e-m+fp/hard/crti.o
LOAD C:/ST/STM32CubeIDE_1.14.0/STM32CubeIDE/plugins/com.st.stm32cube.ide.mcu.externaltools.gnu-tools-for-stm32.12.3.rel1.win32_1.0.100.202403111256/tools/bin/../lib/gcc/arm-none-eabi/12.3.1/thumb/v7e-m+fp/hard/crtbegin.o
LOAD C:/ST/STM32CubeIDE_1.14.0/STM32CubeIDE/plugins/com.st.stm32cube.ide.mcu.externaltools.gnu-tools-for-stm32.12.3.rel1.win32_1.0.100.202403111256/tools/bin/../lib/gcc/arm-none-eabi/12.3.1/../../../../arm-none-eabi/lib/thumb/v7e-m+fp/hard/crt0.o
LOAD ./Core/Src/DelayUs.o
LOAD ./Core/Src/M8N.o
LOAD ./Core/Src/MS5611_I2C.o
LOAD ./Core/Src/main.o
LOAD ./Core/Src/stm32f4xx_hal_msp.o
LOAD ./Core/Src/stm32f4xx_it.o
LOAD ./Core/Src/syscalls.o
LOAD ./Core/Src/sysmem.o
LOAD ./Core/Src/system_stm32f4xx.o
LOAD ./Core/Src/wire.o
LOAD ./Core/Startup/startup_stm32f407vgtx.o
LOAD ./Drivers/STM32F4xx_HAL_Driver/Src/stm32f4xx_hal.o
LOAD ./Drivers/STM32F4xx_HAL_Driver/Src/stm32f4xx_hal_cortex.o
LOAD ./Drivers/STM32F4xx_HAL_Driver/Src/stm32f4xx_hal_dma.o
LOAD ./Drivers/STM32F4xx_HAL_Driver/Src/stm32f4xx_hal_dma_ex.o
LOAD ./Drivers/STM32F4xx_HAL_Driver/Src/stm32f4xx_hal_exti.o
LOAD ./Drivers/STM32F4xx_HAL_Driver/Src/stm32f4xx_hal_flash.o
LOAD ./Drivers/STM32F4xx_HAL_Driver/Src/stm32f4xx_hal_flash_ex.o
LOAD ./Drivers/STM32F4xx_HAL_Driver/Src/stm32f4xx_hal_flash_ramfunc.o
LOAD ./Drivers/STM32F4xx_HAL_Driver/Src/stm32f4xx_hal_gpio.o
LOAD ./Drivers/STM32F4xx_HAL_Driver/Src/stm32f4xx_hal_i2c.o
LOAD ./Drivers/STM32F4xx_HAL_Driver/Src/stm32f4xx_hal_i2c_ex.o
LOAD ./Drivers/STM32F4xx_HAL_Driver/Src/stm32f4xx_hal_pwr.o
LOAD ./Drivers/STM32F4xx_HAL_Driver/Src/stm32f4xx_hal_pwr_ex.o
LOAD ./Drivers/STM32F4xx_HAL_Driver/Src/stm32f4xx_hal_rcc.o
LOAD ./Drivers/STM32F4xx_HAL_Driver/Src/stm32f4xx_hal_rcc_ex.o
LOAD ./Drivers/STM32F4xx_HAL_Driver/Src/stm32f4xx_hal_tim.o
LOAD ./Drivers/STM32F4xx_HAL_Driver/Src/stm32f4xx_hal_tim_ex.o
LOAD ./Drivers/STM32F4xx_HAL_Driver/Src/stm32f4xx_hal_uart.o
START GROUP
LOAD C:/ST/STM32CubeIDE_1.14.0/STM32CubeIDE/plugins/com.st.stm32cube.ide.mcu.externaltools.gnu-tools-for-stm32.12.3.rel1.win32_1.0.100.202403111256/tools/bin/../lib/gcc/arm-none-eabi/12.3.1/../../../../arm-none-eabi/lib/thumb/v7e-m+fp/hard\libc_nano.a
LOAD C:/ST/STM32CubeIDE_1.14.0/STM32CubeIDE/plugins/com.st.stm32cube.ide.mcu.externaltools.gnu-tools-for-stm32.12.3.rel1.win32_1.0.100.202403111256/tools/bin/../lib/gcc/arm-none-eabi/12.3.1/../../../../arm-none-eabi/lib/thumb/v7e-m+fp/hard\libm.a
END GROUP
START GROUP
LOAD C:/ST/STM32CubeIDE_1.14.0/STM32CubeIDE/plugins/com.st.stm32cube.ide.mcu.externaltools.gnu-tools-for-stm32.12.3.rel1.win32_1.0.100.202403111256/tools/bin/../lib/gcc/arm-none-eabi/12.3.1/thumb/v7e-m+fp/hard\libgcc.a
LOAD C:/ST/STM32CubeIDE_1.14.0/STM32CubeIDE/plugins/com.st.stm32cube.ide.mcu.externaltools.gnu-tools-for-stm32.12.3.rel1.win32_1.0.100.202403111256/tools/bin/../lib/gcc/arm-none-eabi/12.3.1/../../../../arm-none-eabi/lib/thumb/v7e-m+fp/hard\libc_nano.a
END GROUP
START GROUP
LOAD C:/ST/STM32CubeIDE_1.14.0/STM32CubeIDE/plugins/com.st.stm32cube.ide.mcu.externaltools.gnu-tools-for-stm32.12.3.rel1.win32_1.0.100.202403111256/tools/bin/../lib/gcc/arm-none-eabi/12.3.1/thumb/v7e-m+fp/hard\libgcc.a
LOAD C:/ST/STM32CubeIDE_1.14.0/STM32CubeIDE/plugins/com.st.stm32cube.ide.mcu.externaltools.gnu-tools-for-stm32.12.3.rel1.win32_1.0.100.202403111256/tools/bin/../lib/gcc/arm-none-eabi/12.3.1/../../../../arm-none-eabi/lib/thumb/v7e-m+fp/hard\libc_nano.a
LOAD C:/ST/STM32CubeIDE_1.14.0/STM32CubeIDE/plugins/com.st.stm32cube.ide.mcu.externaltools.gnu-tools-for-stm32.12.3.rel1.win32_1.0.100.202403111256/tools/bin/../lib/gcc/arm-none-eabi/12.3.1/../../../../arm-none-eabi/lib/thumb/v7e-m+fp/hard\libnosys.a
END GROUP
START GROUP
LOAD C:/ST/STM32CubeIDE_1.14.0/STM32CubeIDE/plugins/com.st.stm32cube.ide.mcu.externaltools.gnu-tools-for-stm32.12.3.rel1.win32_1.0.100.202403111256/tools/bin/../lib/gcc/arm-none-eabi/12.3.1/thumb/v7e-m+fp/hard\libgcc.a
LOAD C:/ST/STM32CubeIDE_1.14.0/STM32CubeIDE/plugins/com.st.stm32cube.ide.mcu.externaltools.gnu-tools-for-stm32.12.3.rel1.win32_1.0.100.202403111256/tools/bin/../lib/gcc/arm-none-eabi/12.3.1/../../../../arm-none-eabi/lib/thumb/v7e-m+fp/hard\libc_nano.a
LOAD C:/ST/STM32CubeIDE_1.14.0/STM32CubeIDE/plugins/com.st.stm32cube.ide.mcu.externaltools.gnu-tools-for-stm32.12.3.rel1.win32_1.0.100.202403111256/tools/bin/../lib/gcc/arm-none-eabi/12.3.1/../../../../arm-none-eabi/lib/thumb/v7e-m+fp/hard\libnosys.a
END GROUP
LOAD C:/ST/STM32CubeIDE_1.14.0/STM32CubeIDE/plugins/com.st.stm32cube.ide.mcu.externaltools.gnu-tools-for-stm32.12.3.rel1.win32_1.0.100.202403111256/tools/bin/../lib/gcc/arm-none-eabi/12.3.1/thumb/v7e-m+fp/hard/crtend.o
LOAD C:/ST/STM32CubeIDE_1.14.0/STM32CubeIDE/plugins/com.st.stm32cube.ide.mcu.externaltools.gnu-tools-for-stm32.12.3.rel1.win32_1.0.100.202403111256/tools/bin/../lib/gcc/arm-none-eabi/12.3.1/thumb/v7e-m+fp/hard/crtn.o
                0x20020000                        _estack = (ORIGIN (RAM) + LENGTH (RAM))
                0x00000200                        _Min_Heap_Size = 0x200
                0x00000400                        _Min_Stack_Size = 0x400

.isr_vector     0x08000000      0x188
                0x08000000                        . = ALIGN (0x4)
 *(.isr_vector)
 .isr_vector    0x08000000      0x188 ./Core/Startup/startup_stm32f407vgtx.o
                0x08000000                g_pfnVectors
                0x08000188                        . = ALIGN (0x4)

.text           0x08000188     0xc1f0
                0x08000188                        . = ALIGN (0x4)
 *(.text)
 .text          0x08000188       0x40 C:/ST/STM32CubeIDE_1.14.0/STM32CubeIDE/plugins/com.st.stm32cube.ide.mcu.externaltools.gnu-tools-for-stm32.12.3.rel1.win32_1.0.100.202403111256/tools/bin/../lib/gcc/arm-none-eabi/12.3.1/thumb/v7e-m+fp/hard/crtbegin.o
 .text          0x080001c8      0x378 C:/ST/STM32CubeIDE_1.14.0/STM32CubeIDE/plugins/com.st.stm32cube.ide.mcu.externaltools.gnu-tools-for-stm32.12.3.rel1.win32_1.0.100.202403111256/tools/bin/../lib/gcc/arm-none-eabi/12.3.1/thumb/v7e-m+fp/hard\libgcc.a(_arm_addsubdf3.o)
                0x080001c8                __aeabi_drsub
                0x080001d0                __aeabi_dsub
                0x080001d0                __subdf3
                0x080001d4                __aeabi_dadd
                0x080001d4                __adddf3
                0x0800044c                __floatunsidf
                0x0800044c                __aeabi_ui2d
                0x0800046c                __floatsidf
                0x0800046c                __aeabi_i2d
                0x08000490                __aeabi_f2d
                0x08000490                __extendsfdf2
                0x080004d4                __floatundidf
                0x080004d4                __aeabi_ul2d
                0x080004e4                __floatdidf
                0x080004e4                __aeabi_l2d
 .text          0x08000540      0x424 C:/ST/STM32CubeIDE_1.14.0/STM32CubeIDE/plugins/com.st.stm32cube.ide.mcu.externaltools.gnu-tools-for-stm32.12.3.rel1.win32_1.0.100.202403111256/tools/bin/../lib/gcc/arm-none-eabi/12.3.1/thumb/v7e-m+fp/hard\libgcc.a(_arm_muldivdf3.o)
                0x08000540                __aeabi_dmul
                0x08000540                __muldf3
                0x08000794                __divdf3
                0x08000794                __aeabi_ddiv
 .text          0x08000964      0x110 C:/ST/STM32CubeIDE_1.14.0/STM32CubeIDE/plugins/com.st.stm32cube.ide.mcu.externaltools.gnu-tools-for-stm32.12.3.rel1.win32_1.0.100.202403111256/tools/bin/../lib/gcc/arm-none-eabi/12.3.1/thumb/v7e-m+fp/hard\libgcc.a(_arm_cmpdf2.o)
                0x08000964                __gtdf2
                0x08000964                __gedf2
                0x0800096c                __ltdf2
                0x0800096c                __ledf2
                0x08000974                __nedf2
                0x08000974                __eqdf2
                0x08000974                __cmpdf2
                0x080009f0                __aeabi_cdrcmple
                0x08000a00                __aeabi_cdcmpeq
                0x08000a00                __aeabi_cdcmple
                0x08000a10                __aeabi_dcmpeq
                0x08000a24                __aeabi_dcmplt
                0x08000a38                __aeabi_dcmple
                0x08000a4c                __aeabi_dcmpge
                0x08000a60                __aeabi_dcmpgt
 .text          0x08000a74       0x2c C:/ST/STM32CubeIDE_1.14.0/STM32CubeIDE/plugins/com.st.stm32cube.ide.mcu.externaltools.gnu-tools-for-stm32.12.3.rel1.win32_1.0.100.202403111256/tools/bin/../lib/gcc/arm-none-eabi/12.3.1/thumb/v7e-m+fp/hard\libgcc.a(_arm_unorddf2.o)
                0x08000a74                __unorddf2
                0x08000a74                __aeabi_dcmpun
 .text          0x08000aa0       0x50 C:/ST/STM32CubeIDE_1.14.0/STM32CubeIDE/plugins/com.st.stm32cube.ide.mcu.externaltools.gnu-tools-for-stm32.12.3.rel1.win32_1.0.100.202403111256/tools/bin/../lib/gcc/arm-none-eabi/12.3.1/thumb/v7e-m+fp/hard\libgcc.a(_arm_fixdfsi.o)
                0x08000aa0                __aeabi_d2iz
                0x08000aa0                __fixdfsi
 .text          0x08000af0       0xa0 C:/ST/STM32CubeIDE_1.14.0/STM32CubeIDE/plugins/com.st.stm32cube.ide.mcu.externaltools.gnu-tools-for-stm32.12.3.rel1.win32_1.0.100.202403111256/tools/bin/../lib/gcc/arm-none-eabi/12.3.1/thumb/v7e-m+fp/hard\libgcc.a(_arm_truncdfsf2.o)
                0x08000af0                __truncdfsf2
                0x08000af0                __aeabi_d2f
 .text          0x08000b90       0x30 C:/ST/STM32CubeIDE_1.14.0/STM32CubeIDE/plugins/com.st.stm32cube.ide.mcu.externaltools.gnu-tools-for-stm32.12.3.rel1.win32_1.0.100.202403111256/tools/bin/../lib/gcc/arm-none-eabi/12.3.1/thumb/v7e-m+fp/hard\libgcc.a(_aeabi_uldivmod.o)
                0x08000b90                __aeabi_uldivmod
 .text          0x08000bc0       0x30 C:/ST/STM32CubeIDE_1.14.0/STM32CubeIDE/plugins/com.st.stm32cube.ide.mcu.externaltools.gnu-tools-for-stm32.12.3.rel1.win32_1.0.100.202403111256/tools/bin/../lib/gcc/arm-none-eabi/12.3.1/thumb/v7e-m+fp/hard\libgcc.a(_fixdfdi.o)
                0x08000bc0                __fixdfdi
                0x08000bc0                __aeabi_d2lz
 .text          0x08000bf0       0x3c C:/ST/STM32CubeIDE_1.14.0/STM32CubeIDE/plugins/com.st.stm32cube.ide.mcu.externaltools.gnu-tools-for-stm32.12.3.rel1.win32_1.0.100.202403111256/tools/bin/../lib/gcc/arm-none-eabi/12.3.1/thumb/v7e-m+fp/hard\libgcc.a(_fixunsdfdi.o)
                0x08000bf0                __fixunsdfdi
                0x08000bf0                __aeabi_d2ulz
 .text          0x08000c2c      0x2bc C:/ST/STM32CubeIDE_1.14.0/STM32CubeIDE/plugins/com.st.stm32cube.ide.mcu.externaltools.gnu-tools-for-stm32.12.3.rel1.win32_1.0.100.202403111256/tools/bin/../lib/gcc/arm-none-eabi/12.3.1/thumb/v7e-m+fp/hard\libgcc.a(_udivmoddi4.o)
                0x08000c2c                __udivmoddi4
 .text          0x08000ee8        0x4 C:/ST/STM32CubeIDE_1.14.0/STM32CubeIDE/plugins/com.st.stm32cube.ide.mcu.externaltools.gnu-tools-for-stm32.12.3.rel1.win32_1.0.100.202403111256/tools/bin/../lib/gcc/arm-none-eabi/12.3.1/thumb/v7e-m+fp/hard\libgcc.a(_dvmd_tls.o)
                0x08000ee8                __aeabi_idiv0
                0x08000ee8                __aeabi_ldiv0
 .text          0x08000eec       0x40 C:/ST/STM32CubeIDE_1.14.0/STM32CubeIDE/plugins/com.st.stm32cube.ide.mcu.externaltools.gnu-tools-for-stm32.12.3.rel1.win32_1.0.100.202403111256/tools/bin/../lib/gcc/arm-none-eabi/12.3.1/thumb/v7e-m+fp/hard\libgcc.a(_arm_fixunsdfsi.o)
                0x08000eec                __aeabi_d2uiz
                0x08000eec                __fixunsdfsi
 *(.text*)
 .text.delay    0x08000f2c      0x15e ./Core/Src/DelayUs.o
                0x08000f2c                delay
 *fill*         0x0800108a        0x2 
 .text.M8N_Initialization
                0x0800108c       0x64 ./Core/Src/M8N.o
                0x0800108c                M8N_Initialization
 .text.setupSensor
                0x080010f0       0x7c ./Core/Src/MS5611_I2C.o
                0x080010f0                setupSensor
 *fill*         0x0800116c        0x4 
 .text.getPressure
                0x08001170      0xb38 ./Core/Src/MS5611_I2C.o
                0x08001170                getPressure
 .text.Send_Data_To_Gui
                0x08001ca8      0x1b8 ./Core/Src/main.o
                0x08001ca8                Send_Data_To_Gui
 .text.kalman_1d
                0x08001e60       0xe4 ./Core/Src/main.o
                0x08001e60                kalman_1d
 .text.SetValue
                0x08001f44       0x34 ./Core/Src/main.o
                0x08001f44                SetValue
 .text.HAL_GPIO_EXTI_Callback
                0x08001f78       0x94 ./Core/Src/main.o
                0x08001f78                HAL_GPIO_EXTI_Callback
 .text.MPU6050_Init
                0x0800200c      0x108 ./Core/Src/main.o
                0x0800200c                MPU6050_Init
 *fill*         0x08002114        0x4 
 .text.MPU6050_Read_Data
                0x08002118      0x3f8 ./Core/Src/main.o
                0x08002118                MPU6050_Read_Data
 .text.hmc5883l_init
                0x08002510       0x74 ./Core/Src/main.o
                0x08002510                hmc5883l_init
 *fill*         0x08002584        0x4 
 .text.hmc5883l_rawread
                0x08002588       0xfc ./Core/Src/main.o
                0x08002588                hmc5883l_rawread
 *fill*         0x08002684        0x4 
 .text.hmc5883l_read
                0x08002688      0x428 ./Core/Src/main.o
                0x08002688                hmc5883l_read
 .text.pid_equation
                0x08002ab0      0x174 ./Core/Src/main.o
                0x08002ab0                pid_equation
 .text.reset_pid
                0x08002c24       0x88 ./Core/Src/main.o
                0x08002c24                reset_pid
 .text.HAL_TIM_PeriodElapsedCallback
                0x08002cac       0x28 ./Core/Src/main.o
                0x08002cac                HAL_TIM_PeriodElapsedCallback
 .text.HAL_UARTEx_RxEventCallback
                0x08002cd4      0x248 ./Core/Src/main.o
                0x08002cd4                HAL_UARTEx_RxEventCallback
 .text.HAL_UART_RxCpltCallback
                0x08002f1c       0x64 ./Core/Src/main.o
                0x08002f1c                HAL_UART_RxCpltCallback
 .text.main     0x08002f80      0xa38 ./Core/Src/main.o
                0x08002f80                main
 .text.SystemClock_Config
                0x080039b8       0xd4 ./Core/Src/main.o
                0x080039b8                SystemClock_Config
 .text.MX_I2C1_Init
                0x08003a8c       0x5c ./Core/Src/main.o
 .text.MX_I2C2_Init
                0x08003ae8       0x5c ./Core/Src/main.o
 .text.MX_I2C3_Init
                0x08003b44       0x5c ./Core/Src/main.o
 .text.MX_TIM1_Init
                0x08003ba0       0xa0 ./Core/Src/main.o
 .text.MX_TIM2_Init
                0x08003c40       0x98 ./Core/Src/main.o
 .text.MX_TIM3_Init
                0x08003cd8       0xf4 ./Core/Src/main.o
 .text.MX_TIM4_Init
                0x08003dcc       0x9c ./Core/Src/main.o
 .text.MX_USART2_UART_Init
                0x08003e68       0x54 ./Core/Src/main.o
 .text.MX_USART3_UART_Init
                0x08003ebc       0x54 ./Core/Src/main.o
 .text.MX_DMA_Init
                0x08003f10       0x90 ./Core/Src/main.o
 .text.MX_GPIO_Init
                0x08003fa0      0x108 ./Core/Src/main.o
 .text.Receive_Throttle_Min
                0x080040a8       0x24 ./Core/Src/main.o
                0x080040a8                Receive_Throttle_Min
 .text.Calib_Gyro
                0x080040cc       0xf4 ./Core/Src/main.o
                0x080040cc                Calib_Gyro
 .text.Reset_MPU6050
                0x080041c0       0x24 ./Core/Src/main.o
                0x080041c0                Reset_MPU6050
 .text.Error_Handler
                0x080041e4        0xc ./Core/Src/main.o
                0x080041e4                Error_Handler
 .text.HAL_MspInit
                0x080041f0       0x50 ./Core/Src/stm32f4xx_hal_msp.o
                0x080041f0                HAL_MspInit
 .text.HAL_I2C_MspInit
                0x08004240      0x278 ./Core/Src/stm32f4xx_hal_msp.o
                0x08004240                HAL_I2C_MspInit
 .text.HAL_I2C_MspDeInit
                0x080044b8       0xc0 ./Core/Src/stm32f4xx_hal_msp.o
                0x080044b8                HAL_I2C_MspDeInit
 .text.HAL_TIM_Base_MspInit
                0x08004578       0xa4 ./Core/Src/stm32f4xx_hal_msp.o
                0x08004578                HAL_TIM_Base_MspInit
 .text.HAL_TIM_PWM_MspInit
                0x0800461c       0x44 ./Core/Src/stm32f4xx_hal_msp.o
                0x0800461c                HAL_TIM_PWM_MspInit
 .text.HAL_TIM_MspPostInit
                0x08004660       0xb4 ./Core/Src/stm32f4xx_hal_msp.o
                0x08004660                HAL_TIM_MspPostInit
 .text.HAL_UART_MspInit
                0x08004714      0x2b8 ./Core/Src/stm32f4xx_hal_msp.o
                0x08004714                HAL_UART_MspInit
 .text.NMI_Handler
                0x080049cc        0x8 ./Core/Src/stm32f4xx_it.o
                0x080049cc                NMI_Handler
 .text.HardFault_Handler
                0x080049d4        0x8 ./Core/Src/stm32f4xx_it.o
                0x080049d4                HardFault_Handler
 .text.MemManage_Handler
                0x080049dc        0x8 ./Core/Src/stm32f4xx_it.o
                0x080049dc                MemManage_Handler
 .text.BusFault_Handler
                0x080049e4        0x8 ./Core/Src/stm32f4xx_it.o
                0x080049e4                BusFault_Handler
 .text.UsageFault_Handler
                0x080049ec        0x8 ./Core/Src/stm32f4xx_it.o
                0x080049ec                UsageFault_Handler
 .text.SVC_Handler
                0x080049f4        0xe ./Core/Src/stm32f4xx_it.o
                0x080049f4                SVC_Handler
 .text.DebugMon_Handler
                0x08004a02        0xe ./Core/Src/stm32f4xx_it.o
                0x08004a02                DebugMon_Handler
 .text.PendSV_Handler
                0x08004a10        0xe ./Core/Src/stm32f4xx_it.o
                0x08004a10                PendSV_Handler
 .text.SysTick_Handler
                0x08004a1e        0xc ./Core/Src/stm32f4xx_it.o
                0x08004a1e                SysTick_Handler
 *fill*         0x08004a2a        0x2 
 .text.DMA1_Stream0_IRQHandler
                0x08004a2c       0x14 ./Core/Src/stm32f4xx_it.o
                0x08004a2c                DMA1_Stream0_IRQHandler
 .text.DMA1_Stream1_IRQHandler
                0x08004a40       0x14 ./Core/Src/stm32f4xx_it.o
                0x08004a40                DMA1_Stream1_IRQHandler
 .text.DMA1_Stream3_IRQHandler
                0x08004a54       0x14 ./Core/Src/stm32f4xx_it.o
                0x08004a54                DMA1_Stream3_IRQHandler
 .text.DMA1_Stream5_IRQHandler
                0x08004a68       0x14 ./Core/Src/stm32f4xx_it.o
                0x08004a68                DMA1_Stream5_IRQHandler
 .text.DMA1_Stream6_IRQHandler
                0x08004a7c       0x14 ./Core/Src/stm32f4xx_it.o
                0x08004a7c                DMA1_Stream6_IRQHandler
 .text.TIM4_IRQHandler
                0x08004a90       0x14 ./Core/Src/stm32f4xx_it.o
                0x08004a90                TIM4_IRQHandler
 .text.USART2_IRQHandler
                0x08004aa4       0x14 ./Core/Src/stm32f4xx_it.o
                0x08004aa4                USART2_IRQHandler
 .text.USART3_IRQHandler
                0x08004ab8       0x14 ./Core/Src/stm32f4xx_it.o
                0x08004ab8                USART3_IRQHandler
 .text.EXTI15_10_IRQHandler
                0x08004acc       0x10 ./Core/Src/stm32f4xx_it.o
                0x08004acc                EXTI15_10_IRQHandler
 .text.DMA1_Stream7_IRQHandler
                0x08004adc       0x14 ./Core/Src/stm32f4xx_it.o
                0x08004adc                DMA1_Stream7_IRQHandler
 .text.SystemInit
                0x08004af0       0x24 ./Core/Src/system_stm32f4xx.o
                0x08004af0                SystemInit
 .text.twiSend  0x08004b14       0xa4 ./Core/Src/wire.o
                0x08004b14                twiSend
 .text.twiReceive
                0x08004bb8      0x314 ./Core/Src/wire.o
                0x08004bb8                twiReceive
 .text.Reset_Handler
                0x08004ecc       0x50 ./Core/Startup/startup_stm32f407vgtx.o
                0x08004ecc                Reset_Handler
 .text.Default_Handler
                0x08004f1c        0x2 ./Core/Startup/startup_stm32f407vgtx.o
                0x08004f1c                RTC_Alarm_IRQHandler
                0x08004f1c                HASH_RNG_IRQHandler
                0x08004f1c                EXTI2_IRQHandler
                0x08004f1c                TIM8_CC_IRQHandler
                0x08004f1c                TIM1_CC_IRQHandler
                0x08004f1c                DMA2_Stream5_IRQHandler
                0x08004f1c                PVD_IRQHandler
                0x08004f1c                SDIO_IRQHandler
                0x08004f1c                TAMP_STAMP_IRQHandler
                0x08004f1c                CAN2_RX1_IRQHandler
                0x08004f1c                EXTI3_IRQHandler
                0x08004f1c                TIM8_TRG_COM_TIM14_IRQHandler
                0x08004f1c                TIM1_UP_TIM10_IRQHandler
                0x08004f1c                TIM8_UP_TIM13_IRQHandler
                0x08004f1c                I2C3_ER_IRQHandler
                0x08004f1c                EXTI0_IRQHandler
                0x08004f1c                I2C2_EV_IRQHandler
                0x08004f1c                DMA1_Stream2_IRQHandler
                0x08004f1c                CAN1_RX0_IRQHandler
                0x08004f1c                FPU_IRQHandler
                0x08004f1c                OTG_HS_WKUP_IRQHandler
                0x08004f1c                CAN2_SCE_IRQHandler
                0x08004f1c                DMA2_Stream2_IRQHandler
                0x08004f1c                SPI1_IRQHandler
                0x08004f1c                TIM6_DAC_IRQHandler
                0x08004f1c                TIM1_BRK_TIM9_IRQHandler
                0x08004f1c                DCMI_IRQHandler
                0x08004f1c                CAN2_RX0_IRQHandler
                0x08004f1c                DMA2_Stream3_IRQHandler
                0x08004f1c                USART6_IRQHandler
                0x08004f1c                CAN1_RX1_IRQHandler
                0x08004f1c                UART5_IRQHandler
                0x08004f1c                DMA2_Stream0_IRQHandler
                0x08004f1c                I2C1_EV_IRQHandler
                0x08004f1c                UART4_IRQHandler
                0x08004f1c                TIM3_IRQHandler
                0x08004f1c                RCC_IRQHandler
                0x08004f1c                TIM8_BRK_TIM12_IRQHandler
                0x08004f1c                Default_Handler
                0x08004f1c                ADC_IRQHandler
                0x08004f1c                TIM7_IRQHandler
                0x08004f1c                CAN2_TX_IRQHandler
                0x08004f1c                TIM5_IRQHandler
                0x08004f1c                DMA2_Stream7_IRQHandler
                0x08004f1c                I2C3_EV_IRQHandler
                0x08004f1c                EXTI9_5_IRQHandler
                0x08004f1c                RTC_WKUP_IRQHandler
                0x08004f1c                ETH_WKUP_IRQHandler
                0x08004f1c                SPI2_IRQHandler
                0x08004f1c                OTG_HS_EP1_IN_IRQHandler
                0x08004f1c                CAN1_TX_IRQHandler
                0x08004f1c                EXTI4_IRQHandler
                0x08004f1c                FSMC_IRQHandler
                0x08004f1c                ETH_IRQHandler
                0x08004f1c                OTG_HS_EP1_OUT_IRQHandler
                0x08004f1c                WWDG_IRQHandler
                0x08004f1c                TIM2_IRQHandler
                0x08004f1c                OTG_FS_WKUP_IRQHandler
                0x08004f1c                TIM1_TRG_COM_TIM11_IRQHandler
                0x08004f1c                OTG_HS_IRQHandler
                0x08004f1c                EXTI1_IRQHandler
                0x08004f1c                I2C2_ER_IRQHandler
                0x08004f1c                DMA2_Stream1_IRQHandler
                0x08004f1c                CAN1_SCE_IRQHandler
                0x08004f1c                FLASH_IRQHandler
                0x08004f1c                DMA2_Stream4_IRQHandler
                0x08004f1c                USART1_IRQHandler
                0x08004f1c                OTG_FS_IRQHandler
                0x08004f1c                SPI3_IRQHandler
                0x08004f1c                DMA1_Stream4_IRQHandler
                0x08004f1c                I2C1_ER_IRQHandler
                0x08004f1c                DMA2_Stream6_IRQHandler
 *fill*         0x08004f1e        0x2 
 .text.HAL_Init
                0x08004f20       0x44 ./Drivers/STM32F4xx_HAL_Driver/Src/stm32f4xx_hal.o
                0x08004f20                HAL_Init
 .text.HAL_InitTick
                0x08004f64       0x60 ./Drivers/STM32F4xx_HAL_Driver/Src/stm32f4xx_hal.o
                0x08004f64                HAL_InitTick
 .text.HAL_IncTick
                0x08004fc4       0x28 ./Drivers/STM32F4xx_HAL_Driver/Src/stm32f4xx_hal.o
                0x08004fc4                HAL_IncTick
 .text.HAL_GetTick
                0x08004fec       0x18 ./Drivers/STM32F4xx_HAL_Driver/Src/stm32f4xx_hal.o
                0x08004fec                HAL_GetTick
 .text.HAL_Delay
                0x08005004       0x48 ./Drivers/STM32F4xx_HAL_Driver/Src/stm32f4xx_hal.o
                0x08005004                HAL_Delay
 .text.__NVIC_SetPriorityGrouping
                0x0800504c       0x48 ./Drivers/STM32F4xx_HAL_Driver/Src/stm32f4xx_hal_cortex.o
 .text.__NVIC_GetPriorityGrouping
                0x08005094       0x1c ./Drivers/STM32F4xx_HAL_Driver/Src/stm32f4xx_hal_cortex.o
 .text.__NVIC_EnableIRQ
                0x080050b0       0x3c ./Drivers/STM32F4xx_HAL_Driver/Src/stm32f4xx_hal_cortex.o
 .text.__NVIC_SetPriority
                0x080050ec       0x54 ./Drivers/STM32F4xx_HAL_Driver/Src/stm32f4xx_hal_cortex.o
 .text.NVIC_EncodePriority
                0x08005140       0x66 ./Drivers/STM32F4xx_HAL_Driver/Src/stm32f4xx_hal_cortex.o
 *fill*         0x080051a6        0x2 
 .text.SysTick_Config
                0x080051a8       0x44 ./Drivers/STM32F4xx_HAL_Driver/Src/stm32f4xx_hal_cortex.o
 .text.HAL_NVIC_SetPriorityGrouping
                0x080051ec       0x16 ./Drivers/STM32F4xx_HAL_Driver/Src/stm32f4xx_hal_cortex.o
                0x080051ec                HAL_NVIC_SetPriorityGrouping
 .text.HAL_NVIC_SetPriority
                0x08005202       0x38 ./Drivers/STM32F4xx_HAL_Driver/Src/stm32f4xx_hal_cortex.o
                0x08005202                HAL_NVIC_SetPriority
 .text.HAL_NVIC_EnableIRQ
                0x0800523a       0x1c ./Drivers/STM32F4xx_HAL_Driver/Src/stm32f4xx_hal_cortex.o
                0x0800523a                HAL_NVIC_EnableIRQ
 .text.HAL_SYSTICK_Config
                0x08005256       0x18 ./Drivers/STM32F4xx_HAL_Driver/Src/stm32f4xx_hal_cortex.o
                0x08005256                HAL_SYSTICK_Config
 *fill*         0x0800526e        0x2 
 .text.HAL_DMA_Init
                0x08005270      0x15c ./Drivers/STM32F4xx_HAL_Driver/Src/stm32f4xx_hal_dma.o
                0x08005270                HAL_DMA_Init
 .text.HAL_DMA_DeInit
                0x080053cc       0xbc ./Drivers/STM32F4xx_HAL_Driver/Src/stm32f4xx_hal_dma.o
                0x080053cc                HAL_DMA_DeInit
 .text.HAL_DMA_Start_IT
                0x08005488       0xb0 ./Drivers/STM32F4xx_HAL_Driver/Src/stm32f4xx_hal_dma.o
                0x08005488                HAL_DMA_Start_IT
 .text.HAL_DMA_Abort
                0x08005538       0xe0 ./Drivers/STM32F4xx_HAL_Driver/Src/stm32f4xx_hal_dma.o
                0x08005538                HAL_DMA_Abort
 .text.HAL_DMA_Abort_IT
                0x08005618       0x44 ./Drivers/STM32F4xx_HAL_Driver/Src/stm32f4xx_hal_dma.o
                0x08005618                HAL_DMA_Abort_IT
 .text.HAL_DMA_IRQHandler
                0x0800565c      0x314 ./Drivers/STM32F4xx_HAL_Driver/Src/stm32f4xx_hal_dma.o
                0x0800565c                HAL_DMA_IRQHandler
 .text.DMA_SetConfig
                0x08005970       0x5c ./Drivers/STM32F4xx_HAL_Driver/Src/stm32f4xx_hal_dma.o
 .text.DMA_CalcBaseAndBitshift
                0x080059cc       0x6c ./Drivers/STM32F4xx_HAL_Driver/Src/stm32f4xx_hal_dma.o
 .text.DMA_CheckFifoParam
                0x08005a38       0xf8 ./Drivers/STM32F4xx_HAL_Driver/Src/stm32f4xx_hal_dma.o
 .text.HAL_GPIO_Init
                0x08005b30      0x338 ./Drivers/STM32F4xx_HAL_Driver/Src/stm32f4xx_hal_gpio.o
                0x08005b30                HAL_GPIO_Init
 .text.HAL_GPIO_DeInit
                0x08005e68      0x1f8 ./Drivers/STM32F4xx_HAL_Driver/Src/stm32f4xx_hal_gpio.o
                0x08005e68                HAL_GPIO_DeInit
 .text.HAL_GPIO_WritePin
                0x08006060       0x32 ./Drivers/STM32F4xx_HAL_Driver/Src/stm32f4xx_hal_gpio.o
                0x08006060                HAL_GPIO_WritePin
 *fill*         0x08006092        0x2 
 .text.HAL_GPIO_EXTI_IRQHandler
                0x08006094       0x30 ./Drivers/STM32F4xx_HAL_Driver/Src/stm32f4xx_hal_gpio.o
                0x08006094                HAL_GPIO_EXTI_IRQHandler
 .text.HAL_I2C_Init
                0x080060c4      0x288 ./Drivers/STM32F4xx_HAL_Driver/Src/stm32f4xx_hal_i2c.o
                0x080060c4                HAL_I2C_Init
 .text.HAL_I2C_DeInit
                0x0800634c       0x5e ./Drivers/STM32F4xx_HAL_Driver/Src/stm32f4xx_hal_i2c.o
                0x0800634c                HAL_I2C_DeInit
 *fill*         0x080063aa        0x2 
 .text.HAL_I2C_Mem_Write
                0x080063ac      0x1f4 ./Drivers/STM32F4xx_HAL_Driver/Src/stm32f4xx_hal_i2c.o
                0x080063ac                HAL_I2C_Mem_Write
 .text.HAL_I2C_Mem_Read
                0x080065a0      0x44c ./Drivers/STM32F4xx_HAL_Driver/Src/stm32f4xx_hal_i2c.o
                0x080065a0                HAL_I2C_Mem_Read
 .text.I2C_RequestMemoryWrite
                0x080069ec      0x12c ./Drivers/STM32F4xx_HAL_Driver/Src/stm32f4xx_hal_i2c.o
 .text.I2C_RequestMemoryRead
                0x08006b18      0x1d0 ./Drivers/STM32F4xx_HAL_Driver/Src/stm32f4xx_hal_i2c.o
 .text.I2C_WaitOnFlagUntilTimeout
                0x08006ce8       0xae ./Drivers/STM32F4xx_HAL_Driver/Src/stm32f4xx_hal_i2c.o
 .text.I2C_WaitOnMasterAddressFlagUntilTimeout
                0x08006d96       0xfe ./Drivers/STM32F4xx_HAL_Driver/Src/stm32f4xx_hal_i2c.o
 .text.I2C_WaitOnTXEFlagUntilTimeout
                0x08006e94       0x82 ./Drivers/STM32F4xx_HAL_Driver/Src/stm32f4xx_hal_i2c.o
 .text.I2C_WaitOnBTFFlagUntilTimeout
                0x08006f16       0x82 ./Drivers/STM32F4xx_HAL_Driver/Src/stm32f4xx_hal_i2c.o
 .text.I2C_WaitOnRXNEFlagUntilTimeout
                0x08006f98       0xac ./Drivers/STM32F4xx_HAL_Driver/Src/stm32f4xx_hal_i2c.o
 .text.I2C_IsAcknowledgeFailed
                0x08007044       0x5e ./Drivers/STM32F4xx_HAL_Driver/Src/stm32f4xx_hal_i2c.o
 *fill*         0x080070a2        0x2 
 .text.HAL_RCC_OscConfig
                0x080070a4      0x4f0 ./Drivers/STM32F4xx_HAL_Driver/Src/stm32f4xx_hal_rcc.o
                0x080070a4                HAL_RCC_OscConfig
 .text.HAL_RCC_ClockConfig
                0x08007594      0x1cc ./Drivers/STM32F4xx_HAL_Driver/Src/stm32f4xx_hal_rcc.o
                0x08007594                HAL_RCC_ClockConfig
 .text.HAL_RCC_GetSysClockFreq
                0x08007760      0x18c ./Drivers/STM32F4xx_HAL_Driver/Src/stm32f4xx_hal_rcc.o
                0x08007760                HAL_RCC_GetSysClockFreq
 .text.HAL_RCC_GetHCLKFreq
                0x080078ec       0x18 ./Drivers/STM32F4xx_HAL_Driver/Src/stm32f4xx_hal_rcc.o
                0x080078ec                HAL_RCC_GetHCLKFreq
 .text.HAL_RCC_GetPCLK1Freq
                0x08007904       0x28 ./Drivers/STM32F4xx_HAL_Driver/Src/stm32f4xx_hal_rcc.o
                0x08007904                HAL_RCC_GetPCLK1Freq
 .text.HAL_RCC_GetPCLK2Freq
                0x0800792c       0x28 ./Drivers/STM32F4xx_HAL_Driver/Src/stm32f4xx_hal_rcc.o
                0x0800792c                HAL_RCC_GetPCLK2Freq
 .text.HAL_TIM_Base_Init
                0x08007954       0x9e ./Drivers/STM32F4xx_HAL_Driver/Src/stm32f4xx_hal_tim.o
                0x08007954                HAL_TIM_Base_Init
 *fill*         0x080079f2        0x2 
 .text.HAL_TIM_Base_Start
                0x080079f4       0xd0 ./Drivers/STM32F4xx_HAL_Driver/Src/stm32f4xx_hal_tim.o
                0x080079f4                HAL_TIM_Base_Start
 .text.HAL_TIM_Base_Start_IT
                0x08007ac4       0xe0 ./Drivers/STM32F4xx_HAL_Driver/Src/stm32f4xx_hal_tim.o
                0x08007ac4                HAL_TIM_Base_Start_IT
 .text.HAL_TIM_PWM_Init
                0x08007ba4       0x9e ./Drivers/STM32F4xx_HAL_Driver/Src/stm32f4xx_hal_tim.o
                0x08007ba4                HAL_TIM_PWM_Init
 *fill*         0x08007c42        0x2 
 .text.HAL_TIM_PWM_Start
                0x08007c44      0x190 ./Drivers/STM32F4xx_HAL_Driver/Src/stm32f4xx_hal_tim.o
                0x08007c44                HAL_TIM_PWM_Start
 .text.HAL_TIM_IRQHandler
                0x08007dd4      0x210 ./Drivers/STM32F4xx_HAL_Driver/Src/stm32f4xx_hal_tim.o
                0x08007dd4                HAL_TIM_IRQHandler
 .text.HAL_TIM_PWM_ConfigChannel
                0x08007fe4      0x184 ./Drivers/STM32F4xx_HAL_Driver/Src/stm32f4xx_hal_tim.o
                0x08007fe4                HAL_TIM_PWM_ConfigChannel
 .text.HAL_TIM_ConfigClockSource
                0x08008168      0x18e ./Drivers/STM32F4xx_HAL_Driver/Src/stm32f4xx_hal_tim.o
                0x08008168                HAL_TIM_ConfigClockSource
 .text.HAL_TIM_OC_DelayElapsedCallback
                0x080082f6       0x14 ./Drivers/STM32F4xx_HAL_Driver/Src/stm32f4xx_hal_tim.o
                0x080082f6                HAL_TIM_OC_DelayElapsedCallback
 .text.HAL_TIM_IC_CaptureCallback
                0x0800830a       0x14 ./Drivers/STM32F4xx_HAL_Driver/Src/stm32f4xx_hal_tim.o
                0x0800830a                HAL_TIM_IC_CaptureCallback
 .text.HAL_TIM_PWM_PulseFinishedCallback
                0x0800831e       0x14 ./Drivers/STM32F4xx_HAL_Driver/Src/stm32f4xx_hal_tim.o
                0x0800831e                HAL_TIM_PWM_PulseFinishedCallback
 .text.HAL_TIM_TriggerCallback
                0x08008332       0x14 ./Drivers/STM32F4xx_HAL_Driver/Src/stm32f4xx_hal_tim.o
                0x08008332                HAL_TIM_TriggerCallback
 *fill*         0x08008346        0x2 
 .text.TIM_Base_SetConfig
                0x08008348      0x140 ./Drivers/STM32F4xx_HAL_Driver/Src/stm32f4xx_hal_tim.o
                0x08008348                TIM_Base_SetConfig
 .text.TIM_OC1_SetConfig
                0x08008488       0xe0 ./Drivers/STM32F4xx_HAL_Driver/Src/stm32f4xx_hal_tim.o
 .text.TIM_OC2_SetConfig
                0x08008568       0xec ./Drivers/STM32F4xx_HAL_Driver/Src/stm32f4xx_hal_tim.o
                0x08008568                TIM_OC2_SetConfig
 .text.TIM_OC3_SetConfig
                0x08008654       0xe8 ./Drivers/STM32F4xx_HAL_Driver/Src/stm32f4xx_hal_tim.o
 .text.TIM_OC4_SetConfig
                0x0800873c       0xac ./Drivers/STM32F4xx_HAL_Driver/Src/stm32f4xx_hal_tim.o
 .text.TIM_TI1_ConfigInputStage
                0x080087e8       0x5e ./Drivers/STM32F4xx_HAL_Driver/Src/stm32f4xx_hal_tim.o
 .text.TIM_TI2_ConfigInputStage
                0x08008846       0x60 ./Drivers/STM32F4xx_HAL_Driver/Src/stm32f4xx_hal_tim.o
 .text.TIM_ITRx_SetConfig
                0x080088a6       0x36 ./Drivers/STM32F4xx_HAL_Driver/Src/stm32f4xx_hal_tim.o
 .text.TIM_ETR_SetConfig
                0x080088dc       0x40 ./Drivers/STM32F4xx_HAL_Driver/Src/stm32f4xx_hal_tim.o
                0x080088dc                TIM_ETR_SetConfig
 .text.TIM_CCxChannelCmd
                0x0800891c       0x4a ./Drivers/STM32F4xx_HAL_Driver/Src/stm32f4xx_hal_tim.o
                0x0800891c                TIM_CCxChannelCmd
 *fill*         0x08008966        0x2 
 .text.HAL_TIMEx_MasterConfigSynchronization
                0x08008968       0xf8 ./Drivers/STM32F4xx_HAL_Driver/Src/stm32f4xx_hal_tim_ex.o
                0x08008968                HAL_TIMEx_MasterConfigSynchronization
 .text.HAL_TIMEx_CommutCallback
                0x08008a60       0x14 ./Drivers/STM32F4xx_HAL_Driver/Src/stm32f4xx_hal_tim_ex.o
                0x08008a60                HAL_TIMEx_CommutCallback
 .text.HAL_TIMEx_BreakCallback
                0x08008a74       0x14 ./Drivers/STM32F4xx_HAL_Driver/Src/stm32f4xx_hal_tim_ex.o
                0x08008a74                HAL_TIMEx_BreakCallback
 .text.HAL_UART_Init
                0x08008a88       0x9a ./Drivers/STM32F4xx_HAL_Driver/Src/stm32f4xx_hal_uart.o
                0x08008a88                HAL_UART_Init
 *fill*         0x08008b22        0x2 
 .text.HAL_UART_Transmit_DMA
                0x08008b24       0xfc ./Drivers/STM32F4xx_HAL_Driver/Src/stm32f4xx_hal_uart.o
                0x08008b24                HAL_UART_Transmit_DMA
 .text.HAL_UART_Receive_DMA
                0x08008c20       0x60 ./Drivers/STM32F4xx_HAL_Driver/Src/stm32f4xx_hal_uart.o
                0x08008c20                HAL_UART_Receive_DMA
 .text.HAL_UARTEx_ReceiveToIdle_DMA
                0x08008c80       0xca ./Drivers/STM32F4xx_HAL_Driver/Src/stm32f4xx_hal_uart.o
                0x08008c80                HAL_UARTEx_ReceiveToIdle_DMA
 *fill*         0x08008d4a        0x2 
 .text.HAL_UART_IRQHandler
                0x08008d4c      0x51c ./Drivers/STM32F4xx_HAL_Driver/Src/stm32f4xx_hal_uart.o
                0x08008d4c                HAL_UART_IRQHandler
 .text.HAL_UART_TxCpltCallback
                0x08009268       0x14 ./Drivers/STM32F4xx_HAL_Driver/Src/stm32f4xx_hal_uart.o
                0x08009268                HAL_UART_TxCpltCallback
 .text.HAL_UART_TxHalfCpltCallback
                0x0800927c       0x14 ./Drivers/STM32F4xx_HAL_Driver/Src/stm32f4xx_hal_uart.o
                0x0800927c                HAL_UART_TxHalfCpltCallback
 .text.HAL_UART_RxHalfCpltCallback
                0x08009290       0x14 ./Drivers/STM32F4xx_HAL_Driver/Src/stm32f4xx_hal_uart.o
                0x08009290                HAL_UART_RxHalfCpltCallback
 .text.HAL_UART_ErrorCallback
                0x080092a4       0x14 ./Drivers/STM32F4xx_HAL_Driver/Src/stm32f4xx_hal_uart.o
                0x080092a4                HAL_UART_ErrorCallback
 .text.UART_DMATransmitCplt
                0x080092b8       0x9a ./Drivers/STM32F4xx_HAL_Driver/Src/stm32f4xx_hal_uart.o
 .text.UART_DMATxHalfCplt
                0x08009352       0x1c ./Drivers/STM32F4xx_HAL_Driver/Src/stm32f4xx_hal_uart.o
 .text.UART_DMAReceiveCplt
                0x0800936e      0x126 ./Drivers/STM32F4xx_HAL_Driver/Src/stm32f4xx_hal_uart.o
 .text.UART_DMARxHalfCplt
                0x08009494       0x36 ./Drivers/STM32F4xx_HAL_Driver/Src/stm32f4xx_hal_uart.o
 .text.UART_DMAError
                0x080094ca       0x94 ./Drivers/STM32F4xx_HAL_Driver/Src/stm32f4xx_hal_uart.o
 *fill*         0x0800955e        0x2 
 .text.UART_Start_Receive_DMA
                0x08009560      0x13c ./Drivers/STM32F4xx_HAL_Driver/Src/stm32f4xx_hal_uart.o
                0x08009560                UART_Start_Receive_DMA
 .text.UART_EndTxTransfer
                0x0800969c       0x50 ./Drivers/STM32F4xx_HAL_Driver/Src/stm32f4xx_hal_uart.o
 .text.UART_EndRxTransfer
                0x080096ec       0xc6 ./Drivers/STM32F4xx_HAL_Driver/Src/stm32f4xx_hal_uart.o
 .text.UART_DMAAbortOnError
                0x080097b2       0x28 ./Drivers/STM32F4xx_HAL_Driver/Src/stm32f4xx_hal_uart.o
 .text.UART_Transmit_IT
                0x080097da       0xa0 ./Drivers/STM32F4xx_HAL_Driver/Src/stm32f4xx_hal_uart.o
 .text.UART_EndTransmit_IT
                0x0800987a       0x30 ./Drivers/STM32F4xx_HAL_Driver/Src/stm32f4xx_hal_uart.o
 .text.UART_Receive_IT
                0x080098aa      0x176 ./Drivers/STM32F4xx_HAL_Driver/Src/stm32f4xx_hal_uart.o
 .text.UART_SetConfig
                0x08009a20      0x4e8 ./Drivers/STM32F4xx_HAL_Driver/Src/stm32f4xx_hal_uart.o
 .text.memset   0x08009f08       0x10 C:/ST/STM32CubeIDE_1.14.0/STM32CubeIDE/plugins/com.st.stm32cube.ide.mcu.externaltools.gnu-tools-for-stm32.12.3.rel1.win32_1.0.100.202403111256/tools/bin/../lib/gcc/arm-none-eabi/12.3.1/../../../../arm-none-eabi/lib/thumb/v7e-m+fp/hard\libc_nano.a(libc_a-memset.o)
                0x08009f08                memset
 .text.__errno  0x08009f18        0xc C:/ST/STM32CubeIDE_1.14.0/STM32CubeIDE/plugins/com.st.stm32cube.ide.mcu.externaltools.gnu-tools-for-stm32.12.3.rel1.win32_1.0.100.202403111256/tools/bin/../lib/gcc/arm-none-eabi/12.3.1/../../../../arm-none-eabi/lib/thumb/v7e-m+fp/hard\libc_nano.a(libc_a-errno.o)
                0x08009f18                __errno
 .text.__libc_init_array
                0x08009f24       0x48 C:/ST/STM32CubeIDE_1.14.0/STM32CubeIDE/plugins/com.st.stm32cube.ide.mcu.externaltools.gnu-tools-for-stm32.12.3.rel1.win32_1.0.100.202403111256/tools/bin/../lib/gcc/arm-none-eabi/12.3.1/../../../../arm-none-eabi/lib/thumb/v7e-m+fp/hard\libc_nano.a(libc_a-init.o)
                0x08009f24                __libc_init_array
 .text.memcpy   0x08009f6c       0x1c C:/ST/STM32CubeIDE_1.14.0/STM32CubeIDE/plugins/com.st.stm32cube.ide.mcu.externaltools.gnu-tools-for-stm32.12.3.rel1.win32_1.0.100.202403111256/tools/bin/../lib/gcc/arm-none-eabi/12.3.1/../../../../arm-none-eabi/lib/thumb/v7e-m+fp/hard\libc_nano.a(libc_a-memcpy-stub.o)
                0x08009f6c                memcpy
 .text.atan2    0x08009f88        0x4 C:/ST/STM32CubeIDE_1.14.0/STM32CubeIDE/plugins/com.st.stm32cube.ide.mcu.externaltools.gnu-tools-for-stm32.12.3.rel1.win32_1.0.100.202403111256/tools/bin/../lib/gcc/arm-none-eabi/12.3.1/../../../../arm-none-eabi/lib/thumb/v7e-m+fp/hard\libm.a(libm_a-w_atan2.o)
                0x08009f88                atan2
 .text.pow      0x08009f8c       0xe0 C:/ST/STM32CubeIDE_1.14.0/STM32CubeIDE/plugins/com.st.stm32cube.ide.mcu.externaltools.gnu-tools-for-stm32.12.3.rel1.win32_1.0.100.202403111256/tools/bin/../lib/gcc/arm-none-eabi/12.3.1/../../../../arm-none-eabi/lib/thumb/v7e-m+fp/hard\libm.a(libm_a-w_pow.o)
                0x08009f8c                pow
 .text.sqrt     0x0800a06c       0x58 C:/ST/STM32CubeIDE_1.14.0/STM32CubeIDE/plugins/com.st.stm32cube.ide.mcu.externaltools.gnu-tools-for-stm32.12.3.rel1.win32_1.0.100.202403111256/tools/bin/../lib/gcc/arm-none-eabi/12.3.1/../../../../arm-none-eabi/lib/thumb/v7e-m+fp/hard\libm.a(libm_a-w_sqrt.o)
                0x0800a06c                sqrt
 *fill*         0x0800a0c4        0x4 
 .text.atan     0x0800a0c8      0x330 C:/ST/STM32CubeIDE_1.14.0/STM32CubeIDE/plugins/com.st.stm32cube.ide.mcu.externaltools.gnu-tools-for-stm32.12.3.rel1.win32_1.0.100.202403111256/tools/bin/../lib/gcc/arm-none-eabi/12.3.1/../../../../arm-none-eabi/lib/thumb/v7e-m+fp/hard\libm.a(libm_a-s_atan.o)
                0x0800a0c8                atan
 .text.cos      0x0800a3f8       0xa8 C:/ST/STM32CubeIDE_1.14.0/STM32CubeIDE/plugins/com.st.stm32cube.ide.mcu.externaltools.gnu-tools-for-stm32.12.3.rel1.win32_1.0.100.202403111256/tools/bin/../lib/gcc/arm-none-eabi/12.3.1/../../../../arm-none-eabi/lib/thumb/v7e-m+fp/hard\libm.a(libm_a-s_cos.o)
                0x0800a3f8                cos
 .text.fabs     0x0800a4a0       0x10 C:/ST/STM32CubeIDE_1.14.0/STM32CubeIDE/plugins/com.st.stm32cube.ide.mcu.externaltools.gnu-tools-for-stm32.12.3.rel1.win32_1.0.100.202403111256/tools/bin/../lib/gcc/arm-none-eabi/12.3.1/../../../../arm-none-eabi/lib/thumb/v7e-m+fp/hard\libm.a(libm_a-s_fabs.o)
                0x0800a4a0                fabs
 .text.sin      0x0800a4b0       0xa8 C:/ST/STM32CubeIDE_1.14.0/STM32CubeIDE/plugins/com.st.stm32cube.ide.mcu.externaltools.gnu-tools-for-stm32.12.3.rel1.win32_1.0.100.202403111256/tools/bin/../lib/gcc/arm-none-eabi/12.3.1/../../../../arm-none-eabi/lib/thumb/v7e-m+fp/hard\libm.a(libm_a-s_sin.o)
                0x0800a4b0                sin
 .text.finite   0x0800a558       0x16 C:/ST/STM32CubeIDE_1.14.0/STM32CubeIDE/plugins/com.st.stm32cube.ide.mcu.externaltools.gnu-tools-for-stm32.12.3.rel1.win32_1.0.100.202403111256/tools/bin/../lib/gcc/arm-none-eabi/12.3.1/../../../../arm-none-eabi/lib/thumb/v7e-m+fp/hard\libm.a(libm_a-s_finite.o)
                0x0800a558                finite
 *fill*         0x0800a56e        0x2 
 .text.__ieee754_sqrt
                0x0800a570      0x1b4 C:/ST/STM32CubeIDE_1.14.0/STM32CubeIDE/plugins/com.st.stm32cube.ide.mcu.externaltools.gnu-tools-for-stm32.12.3.rel1.win32_1.0.100.202403111256/tools/bin/../lib/gcc/arm-none-eabi/12.3.1/../../../../arm-none-eabi/lib/thumb/v7e-m+fp/hard\libm.a(libm_a-e_sqrt.o)
                0x0800a570                __ieee754_sqrt
 *fill*         0x0800a724        0x4 
 .text.__kernel_cos
                0x0800a728      0x18c C:/ST/STM32CubeIDE_1.14.0/STM32CubeIDE/plugins/com.st.stm32cube.ide.mcu.externaltools.gnu-tools-for-stm32.12.3.rel1.win32_1.0.100.202403111256/tools/bin/../lib/gcc/arm-none-eabi/12.3.1/../../../../arm-none-eabi/lib/thumb/v7e-m+fp/hard\libm.a(libm_a-k_cos.o)
                0x0800a728                __kernel_cos
 *fill*         0x0800a8b4        0x4 
 .text.__kernel_sin
                0x0800a8b8      0x174 C:/ST/STM32CubeIDE_1.14.0/STM32CubeIDE/plugins/com.st.stm32cube.ide.mcu.externaltools.gnu-tools-for-stm32.12.3.rel1.win32_1.0.100.202403111256/tools/bin/../lib/gcc/arm-none-eabi/12.3.1/../../../../arm-none-eabi/lib/thumb/v7e-m+fp/hard\libm.a(libm_a-k_sin.o)
                0x0800a8b8                __kernel_sin
 *fill*         0x0800aa2c        0x4 
 .text.__ieee754_atan2
                0x0800aa30      0x18c C:/ST/STM32CubeIDE_1.14.0/STM32CubeIDE/plugins/com.st.stm32cube.ide.mcu.externaltools.gnu-tools-for-stm32.12.3.rel1.win32_1.0.100.202403111256/tools/bin/../lib/gcc/arm-none-eabi/12.3.1/../../../../arm-none-eabi/lib/thumb/v7e-m+fp/hard\libm.a(libm_a-e_atan2.o)
                0x0800aa30                __ieee754_atan2
 *fill*         0x0800abbc        0x4 
 .text.__ieee754_pow
                0x0800abc0      0xa88 C:/ST/STM32CubeIDE_1.14.0/STM32CubeIDE/plugins/com.st.stm32cube.ide.mcu.externaltools.gnu-tools-for-stm32.12.3.rel1.win32_1.0.100.202403111256/tools/bin/../lib/gcc/arm-none-eabi/12.3.1/../../../../arm-none-eabi/lib/thumb/v7e-m+fp/hard\libm.a(libm_a-e_pow.o)
                0x0800abc0                __ieee754_pow
 .text.__ieee754_rem_pio2
                0x0800b648      0x3f8 C:/ST/STM32CubeIDE_1.14.0/STM32CubeIDE/plugins/com.st.stm32cube.ide.mcu.externaltools.gnu-tools-for-stm32.12.3.rel1.win32_1.0.100.202403111256/tools/bin/../lib/gcc/arm-none-eabi/12.3.1/../../../../arm-none-eabi/lib/thumb/v7e-m+fp/hard\libm.a(libm_a-e_rem_pio2.o)
                0x0800b648                __ieee754_rem_pio2
 .text.scalbn   0x0800ba40       0xfc C:/ST/STM32CubeIDE_1.14.0/STM32CubeIDE/plugins/com.st.stm32cube.ide.mcu.externaltools.gnu-tools-for-stm32.12.3.rel1.win32_1.0.100.202403111256/tools/bin/../lib/gcc/arm-none-eabi/12.3.1/../../../../arm-none-eabi/lib/thumb/v7e-m+fp/hard\libm.a(libm_a-s_scalbn.o)
                0x0800ba40                scalbn
 .text.with_errno
                0x0800bb3c       0x24 C:/ST/STM32CubeIDE_1.14.0/STM32CubeIDE/plugins/com.st.stm32cube.ide.mcu.externaltools.gnu-tools-for-stm32.12.3.rel1.win32_1.0.100.202403111256/tools/bin/../lib/gcc/arm-none-eabi/12.3.1/../../../../arm-none-eabi/lib/thumb/v7e-m+fp/hard\libm.a(libm_a-math_err.o)
 .text.xflow    0x0800bb60       0x32 C:/ST/STM32CubeIDE_1.14.0/STM32CubeIDE/plugins/com.st.stm32cube.ide.mcu.externaltools.gnu-tools-for-stm32.12.3.rel1.win32_1.0.100.202403111256/tools/bin/../lib/gcc/arm-none-eabi/12.3.1/../../../../arm-none-eabi/lib/thumb/v7e-m+fp/hard\libm.a(libm_a-math_err.o)
 *fill*         0x0800bb92        0x6 
 .text.__math_uflow
                0x0800bb98       0x10 C:/ST/STM32CubeIDE_1.14.0/STM32CubeIDE/plugins/com.st.stm32cube.ide.mcu.externaltools.gnu-tools-for-stm32.12.3.rel1.win32_1.0.100.202403111256/tools/bin/../lib/gcc/arm-none-eabi/12.3.1/../../../../arm-none-eabi/lib/thumb/v7e-m+fp/hard\libm.a(libm_a-math_err.o)
                0x0800bb98                __math_uflow
 .text.__math_oflow
                0x0800bba8       0x10 C:/ST/STM32CubeIDE_1.14.0/STM32CubeIDE/plugins/com.st.stm32cube.ide.mcu.externaltools.gnu-tools-for-stm32.12.3.rel1.win32_1.0.100.202403111256/tools/bin/../lib/gcc/arm-none-eabi/12.3.1/../../../../arm-none-eabi/lib/thumb/v7e-m+fp/hard\libm.a(libm_a-math_err.o)
                0x0800bba8                __math_oflow
 .text.__kernel_rem_pio2
                0x0800bbb8      0x6b0 C:/ST/STM32CubeIDE_1.14.0/STM32CubeIDE/plugins/com.st.stm32cube.ide.mcu.externaltools.gnu-tools-for-stm32.12.3.rel1.win32_1.0.100.202403111256/tools/bin/../lib/gcc/arm-none-eabi/12.3.1/../../../../arm-none-eabi/lib/thumb/v7e-m+fp/hard\libm.a(libm_a-k_rem_pio2.o)
                0x0800bbb8                __kernel_rem_pio2
 .text.floor    0x0800c268       0xf8 C:/ST/STM32CubeIDE_1.14.0/STM32CubeIDE/plugins/com.st.stm32cube.ide.mcu.externaltools.gnu-tools-for-stm32.12.3.rel1.win32_1.0.100.202403111256/tools/bin/../lib/gcc/arm-none-eabi/12.3.1/../../../../arm-none-eabi/lib/thumb/v7e-m+fp/hard\libm.a(libm_a-s_floor.o)
                0x0800c268                floor
 *(.glue_7)
 .glue_7        0x0800c360        0x0 linker stubs
 *(.glue_7t)
 .glue_7t       0x0800c360        0x0 linker stubs
 *(.eh_frame)
 .eh_frame      0x0800c360        0x0 C:/ST/STM32CubeIDE_1.14.0/STM32CubeIDE/plugins/com.st.stm32cube.ide.mcu.externaltools.gnu-tools-for-stm32.12.3.rel1.win32_1.0.100.202403111256/tools/bin/../lib/gcc/arm-none-eabi/12.3.1/thumb/v7e-m+fp/hard/crtbegin.o
 *(.init)
 .init          0x0800c360        0x4 C:/ST/STM32CubeIDE_1.14.0/STM32CubeIDE/plugins/com.st.stm32cube.ide.mcu.externaltools.gnu-tools-for-stm32.12.3.rel1.win32_1.0.100.202403111256/tools/bin/../lib/gcc/arm-none-eabi/12.3.1/thumb/v7e-m+fp/hard/crti.o
                0x0800c360                _init
 .init          0x0800c364        0x8 C:/ST/STM32CubeIDE_1.14.0/STM32CubeIDE/plugins/com.st.stm32cube.ide.mcu.externaltools.gnu-tools-for-stm32.12.3.rel1.win32_1.0.100.202403111256/tools/bin/../lib/gcc/arm-none-eabi/12.3.1/thumb/v7e-m+fp/hard/crtn.o
 *(.fini)
 .fini          0x0800c36c        0x4 C:/ST/STM32CubeIDE_1.14.0/STM32CubeIDE/plugins/com.st.stm32cube.ide.mcu.externaltools.gnu-tools-for-stm32.12.3.rel1.win32_1.0.100.202403111256/tools/bin/../lib/gcc/arm-none-eabi/12.3.1/thumb/v7e-m+fp/hard/crti.o
                0x0800c36c                _fini
 .fini          0x0800c370        0x8 C:/ST/STM32CubeIDE_1.14.0/STM32CubeIDE/plugins/com.st.stm32cube.ide.mcu.externaltools.gnu-tools-for-stm32.12.3.rel1.win32_1.0.100.202403111256/tools/bin/../lib/gcc/arm-none-eabi/12.3.1/thumb/v7e-m+fp/hard/crtn.o
                0x0800c378                        . = ALIGN (0x4)
                0x0800c378                        _etext = .

.vfp11_veneer   0x0800c378        0x0
 .vfp11_veneer  0x0800c378        0x0 linker stubs

.v4_bx          0x0800c378        0x0
 .v4_bx         0x0800c378        0x0 linker stubs

.iplt           0x0800c378        0x0
 .iplt          0x0800c378        0x0 C:/ST/STM32CubeIDE_1.14.0/STM32CubeIDE/plugins/com.st.stm32cube.ide.mcu.externaltools.gnu-tools-for-stm32.12.3.rel1.win32_1.0.100.202403111256/tools/bin/../lib/gcc/arm-none-eabi/12.3.1/thumb/v7e-m+fp/hard/crtbegin.o

.rodata         0x0800c378      0x2f0
                0x0800c378                        . = ALIGN (0x4)
 *(.rodata)
 *(.rodata*)
 .rodata.UBX_CFG_PRT
                0x0800c378       0x1c ./Core/Src/M8N.o
                0x0800c378                UBX_CFG_PRT
 .rodata.UBX_CFG_MSG
                0x0800c394       0x10 ./Core/Src/M8N.o
                0x0800c394                UBX_CFG_MSG
 .rodata.UBX_CFG_RATE
                0x0800c3a4        0xe ./Core/Src/M8N.o
                0x0800c3a4                UBX_CFG_RATE
 *fill*         0x0800c3b2        0x2 
 .rodata.UBX_CFG_CFG
                0x0800c3b4       0x15 ./Core/Src/M8N.o
                0x0800c3b4                UBX_CFG_CFG
 *fill*         0x0800c3c9        0x3 
 .rodata.AHBPrescTable
                0x0800c3cc       0x10 ./Core/Src/system_stm32f4xx.o
                0x0800c3cc                AHBPrescTable
 .rodata.APBPrescTable
                0x0800c3dc        0x8 ./Core/Src/system_stm32f4xx.o
                0x0800c3dc                APBPrescTable
 .rodata.flagBitshiftOffset.0
                0x0800c3e4        0x8 ./Drivers/STM32F4xx_HAL_Driver/Src/stm32f4xx_hal_dma.o
 *fill*         0x0800c3ec        0x4 
 .rodata.atanlo
                0x0800c3f0       0x20 C:/ST/STM32CubeIDE_1.14.0/STM32CubeIDE/plugins/com.st.stm32cube.ide.mcu.externaltools.gnu-tools-for-stm32.12.3.rel1.win32_1.0.100.202403111256/tools/bin/../lib/gcc/arm-none-eabi/12.3.1/../../../../arm-none-eabi/lib/thumb/v7e-m+fp/hard\libm.a(libm_a-s_atan.o)
 .rodata.atanhi
                0x0800c410       0x20 C:/ST/STM32CubeIDE_1.14.0/STM32CubeIDE/plugins/com.st.stm32cube.ide.mcu.externaltools.gnu-tools-for-stm32.12.3.rel1.win32_1.0.100.202403111256/tools/bin/../lib/gcc/arm-none-eabi/12.3.1/../../../../arm-none-eabi/lib/thumb/v7e-m+fp/hard\libm.a(libm_a-s_atan.o)
 .rodata.CSWTCH.9
                0x0800c430       0x18 C:/ST/STM32CubeIDE_1.14.0/STM32CubeIDE/plugins/com.st.stm32cube.ide.mcu.externaltools.gnu-tools-for-stm32.12.3.rel1.win32_1.0.100.202403111256/tools/bin/../lib/gcc/arm-none-eabi/12.3.1/../../../../arm-none-eabi/lib/thumb/v7e-m+fp/hard\libm.a(libm_a-e_atan2.o)
 .rodata.CSWTCH.8
                0x0800c448       0x18 C:/ST/STM32CubeIDE_1.14.0/STM32CubeIDE/plugins/com.st.stm32cube.ide.mcu.externaltools.gnu-tools-for-stm32.12.3.rel1.win32_1.0.100.202403111256/tools/bin/../lib/gcc/arm-none-eabi/12.3.1/../../../../arm-none-eabi/lib/thumb/v7e-m+fp/hard\libm.a(libm_a-e_atan2.o)
 .rodata.dp_l   0x0800c460       0x10 C:/ST/STM32CubeIDE_1.14.0/STM32CubeIDE/plugins/com.st.stm32cube.ide.mcu.externaltools.gnu-tools-for-stm32.12.3.rel1.win32_1.0.100.202403111256/tools/bin/../lib/gcc/arm-none-eabi/12.3.1/../../../../arm-none-eabi/lib/thumb/v7e-m+fp/hard\libm.a(libm_a-e_pow.o)
 .rodata.dp_h   0x0800c470       0x10 C:/ST/STM32CubeIDE_1.14.0/STM32CubeIDE/plugins/com.st.stm32cube.ide.mcu.externaltools.gnu-tools-for-stm32.12.3.rel1.win32_1.0.100.202403111256/tools/bin/../lib/gcc/arm-none-eabi/12.3.1/../../../../arm-none-eabi/lib/thumb/v7e-m+fp/hard\libm.a(libm_a-e_pow.o)
 .rodata.bp     0x0800c480       0x10 C:/ST/STM32CubeIDE_1.14.0/STM32CubeIDE/plugins/com.st.stm32cube.ide.mcu.externaltools.gnu-tools-for-stm32.12.3.rel1.win32_1.0.100.202403111256/tools/bin/../lib/gcc/arm-none-eabi/12.3.1/../../../../arm-none-eabi/lib/thumb/v7e-m+fp/hard\libm.a(libm_a-e_pow.o)
 .rodata.npio2_hw
                0x0800c490       0x80 C:/ST/STM32CubeIDE_1.14.0/STM32CubeIDE/plugins/com.st.stm32cube.ide.mcu.externaltools.gnu-tools-for-stm32.12.3.rel1.win32_1.0.100.202403111256/tools/bin/../lib/gcc/arm-none-eabi/12.3.1/../../../../arm-none-eabi/lib/thumb/v7e-m+fp/hard\libm.a(libm_a-e_rem_pio2.o)
 .rodata.two_over_pi
                0x0800c510      0x108 C:/ST/STM32CubeIDE_1.14.0/STM32CubeIDE/plugins/com.st.stm32cube.ide.mcu.externaltools.gnu-tools-for-stm32.12.3.rel1.win32_1.0.100.202403111256/tools/bin/../lib/gcc/arm-none-eabi/12.3.1/../../../../arm-none-eabi/lib/thumb/v7e-m+fp/hard\libm.a(libm_a-e_rem_pio2.o)
 .rodata.PIo2   0x0800c618       0x40 C:/ST/STM32CubeIDE_1.14.0/STM32CubeIDE/plugins/com.st.stm32cube.ide.mcu.externaltools.gnu-tools-for-stm32.12.3.rel1.win32_1.0.100.202403111256/tools/bin/../lib/gcc/arm-none-eabi/12.3.1/../../../../arm-none-eabi/lib/thumb/v7e-m+fp/hard\libm.a(libm_a-k_rem_pio2.o)
 .rodata.init_jk
                0x0800c658       0x10 C:/ST/STM32CubeIDE_1.14.0/STM32CubeIDE/plugins/com.st.stm32cube.ide.mcu.externaltools.gnu-tools-for-stm32.12.3.rel1.win32_1.0.100.202403111256/tools/bin/../lib/gcc/arm-none-eabi/12.3.1/../../../../arm-none-eabi/lib/thumb/v7e-m+fp/hard\libm.a(libm_a-k_rem_pio2.o)
                0x0800c668                        . = ALIGN (0x4)

.ARM.extab      0x0800c668        0x0
                0x0800c668                        . = ALIGN (0x4)
 *(.ARM.extab* .gnu.linkonce.armextab.*)
                0x0800c668                        . = ALIGN (0x4)

.ARM            0x0800c668        0x8
                0x0800c668                        . = ALIGN (0x4)
                0x0800c668                        __exidx_start = .
 *(.ARM.exidx*)
 .ARM.exidx     0x0800c668        0x8 C:/ST/STM32CubeIDE_1.14.0/STM32CubeIDE/plugins/com.st.stm32cube.ide.mcu.externaltools.gnu-tools-for-stm32.12.3.rel1.win32_1.0.100.202403111256/tools/bin/../lib/gcc/arm-none-eabi/12.3.1/thumb/v7e-m+fp/hard\libgcc.a(_udivmoddi4.o)
                0x0800c670                        __exidx_end = .
                0x0800c670                        . = ALIGN (0x4)

.rel.dyn        0x0800c670        0x0
 .rel.iplt      0x0800c670        0x0 C:/ST/STM32CubeIDE_1.14.0/STM32CubeIDE/plugins/com.st.stm32cube.ide.mcu.externaltools.gnu-tools-for-stm32.12.3.rel1.win32_1.0.100.202403111256/tools/bin/../lib/gcc/arm-none-eabi/12.3.1/thumb/v7e-m+fp/hard/crtbegin.o

.preinit_array  0x0800c670        0x0
                0x0800c670                        . = ALIGN (0x4)
                0x0800c670                        PROVIDE (__preinit_array_start = .)
 *(.preinit_array*)
                0x0800c670                        PROVIDE (__preinit_array_end = .)
                0x0800c670                        . = ALIGN (0x4)

.init_array     0x0800c670        0x4
                0x0800c670                        . = ALIGN (0x4)
                0x0800c670                        PROVIDE (__init_array_start = .)
 *(SORT_BY_NAME(.init_array.*))
 *(.init_array*)
 .init_array    0x0800c670        0x4 C:/ST/STM32CubeIDE_1.14.0/STM32CubeIDE/plugins/com.st.stm32cube.ide.mcu.externaltools.gnu-tools-for-stm32.12.3.rel1.win32_1.0.100.202403111256/tools/bin/../lib/gcc/arm-none-eabi/12.3.1/thumb/v7e-m+fp/hard/crtbegin.o
                0x0800c674                        PROVIDE (__init_array_end = .)
                0x0800c674                        . = ALIGN (0x4)

.fini_array     0x0800c674        0x4
                0x0800c674                        . = ALIGN (0x4)
                [!provide]                        PROVIDE (__fini_array_start = .)
 *(SORT_BY_NAME(.fini_array.*))
 *(.fini_array*)
 .fini_array    0x0800c674        0x4 C:/ST/STM32CubeIDE_1.14.0/STM32CubeIDE/plugins/com.st.stm32cube.ide.mcu.externaltools.gnu-tools-for-stm32.12.3.rel1.win32_1.0.100.202403111256/tools/bin/../lib/gcc/arm-none-eabi/12.3.1/thumb/v7e-m+fp/hard/crtbegin.o
                [!provide]                        PROVIDE (__fini_array_end = .)
                0x0800c678                        . = ALIGN (0x4)
                0x0800c678                        _sidata = LOADADDR (.data)

.data           0x20000000       0xc8 load address 0x0800c678
                0x20000000                        . = ALIGN (0x4)
                0x20000000                        _sdata = .
 *(.data)
 *(.data*)
 .data.address  0x20000000        0x1 ./Core/Src/MS5611_I2C.o
                0x20000000                address
 *fill*         0x20000001        0x3 
 .data.pid_max_altitude
                0x20000004        0x4 ./Core/Src/MS5611_I2C.o
                0x20000004                pid_max_altitude
 .data.KalmanUncertaintyAngleRoll
                0x20000008        0x4 ./Core/Src/main.o
                0x20000008                KalmanUncertaintyAngleRoll
 .data.KalmanUncertaintyAnglePitch
                0x2000000c        0x4 ./Core/Src/main.o
                0x2000000c                KalmanUncertaintyAnglePitch
 .data.PRateRoll
                0x20000010        0x4 ./Core/Src/main.o
                0x20000010                PRateRoll
 .data.PRatePitch
                0x20000014        0x4 ./Core/Src/main.o
                0x20000014                PRatePitch
 .data.PRateYaw
                0x20000018        0x4 ./Core/Src/main.o
                0x20000018                PRateYaw
 .data.IRateRoll
                0x2000001c        0x4 ./Core/Src/main.o
                0x2000001c                IRateRoll
 .data.IRatePitch
                0x20000020        0x4 ./Core/Src/main.o
                0x20000020                IRatePitch
 .data.IRateYaw
                0x20000024        0x4 ./Core/Src/main.o
                0x20000024                IRateYaw
 .data.DRateRoll
                0x20000028        0x4 ./Core/Src/main.o
                0x20000028                DRateRoll
 .data.DRatePitch
                0x2000002c        0x4 ./Core/Src/main.o
                0x2000002c                DRatePitch
 .data.DRateYaw
                0x20000030        0x4 ./Core/Src/main.o
                0x20000030                DRateYaw
 .data.PAngleRoll
                0x20000034        0x4 ./Core/Src/main.o
                0x20000034                PAngleRoll
 .data.PAnglePitch
                0x20000038        0x4 ./Core/Src/main.o
                0x20000038                PAnglePitch
 .data.IAngleRoll
                0x2000003c        0x4 ./Core/Src/main.o
                0x2000003c                IAngleRoll
 .data.IAnglePitch
                0x20000040        0x4 ./Core/Src/main.o
                0x20000040                IAnglePitch
 .data.DAngleRoll
                0x20000044        0x4 ./Core/Src/main.o
                0x20000044                DAngleRoll
 .data.DAnglePitch
                0x20000048        0x4 ./Core/Src/main.o
                0x20000048                DAnglePitch
 .data.pid_p_gain_altitude
                0x2000004c        0x4 ./Core/Src/main.o
                0x2000004c                pid_p_gain_altitude
 .data.pid_i_gain_altitude
                0x20000050        0x4 ./Core/Src/main.o
                0x20000050                pid_i_gain_altitude
 .data.pid_d_gain_altitude
                0x20000054        0x4 ./Core/Src/main.o
                0x20000054                pid_d_gain_altitude
 .data.SystemCoreClock
                0x20000058        0x4 ./Core/Src/system_stm32f4xx.o
                0x20000058                SystemCoreClock
 .data.uwTickPrio
                0x2000005c        0x4 ./Drivers/STM32F4xx_HAL_Driver/Src/stm32f4xx_hal.o
                0x2000005c                uwTickPrio
 .data.uwTickFreq
                0x20000060        0x1 ./Drivers/STM32F4xx_HAL_Driver/Src/stm32f4xx_hal.o
                0x20000060                uwTickFreq
 *fill*         0x20000061        0x3 
 .data._impure_ptr
                0x20000064        0x4 C:/ST/STM32CubeIDE_1.14.0/STM32CubeIDE/plugins/com.st.stm32cube.ide.mcu.externaltools.gnu-tools-for-stm32.12.3.rel1.win32_1.0.100.202403111256/tools/bin/../lib/gcc/arm-none-eabi/12.3.1/../../../../arm-none-eabi/lib/thumb/v7e-m+fp/hard\libc_nano.a(libc_a-impure.o)
                0x20000064                _impure_ptr
 .data._impure_data
                0x20000068       0x4c C:/ST/STM32CubeIDE_1.14.0/STM32CubeIDE/plugins/com.st.stm32cube.ide.mcu.externaltools.gnu-tools-for-stm32.12.3.rel1.win32_1.0.100.202403111256/tools/bin/../lib/gcc/arm-none-eabi/12.3.1/../../../../arm-none-eabi/lib/thumb/v7e-m+fp/hard\libc_nano.a(libc_a-impure.o)
                0x20000068                _impure_data
 *fill*         0x200000b4        0x4 
 .data.tiny     0x200000b8        0x8 C:/ST/STM32CubeIDE_1.14.0/STM32CubeIDE/plugins/com.st.stm32cube.ide.mcu.externaltools.gnu-tools-for-stm32.12.3.rel1.win32_1.0.100.202403111256/tools/bin/../lib/gcc/arm-none-eabi/12.3.1/../../../../arm-none-eabi/lib/thumb/v7e-m+fp/hard\libm.a(libm_a-e_sqrt.o)
 .data.one      0x200000c0        0x8 C:/ST/STM32CubeIDE_1.14.0/STM32CubeIDE/plugins/com.st.stm32cube.ide.mcu.externaltools.gnu-tools-for-stm32.12.3.rel1.win32_1.0.100.202403111256/tools/bin/../lib/gcc/arm-none-eabi/12.3.1/../../../../arm-none-eabi/lib/thumb/v7e-m+fp/hard\libm.a(libm_a-e_sqrt.o)
 *(.RamFunc)
 *(.RamFunc*)
                0x200000c8                        . = ALIGN (0x4)
                0x200000c8                        _edata = .
                0x0800c740                        _siccmram = LOADADDR (.ccmram)

.igot.plt       0x200000c8        0x0 load address 0x0800c740
 .igot.plt      0x200000c8        0x0 C:/ST/STM32CubeIDE_1.14.0/STM32CubeIDE/plugins/com.st.stm32cube.ide.mcu.externaltools.gnu-tools-for-stm32.12.3.rel1.win32_1.0.100.202403111256/tools/bin/../lib/gcc/arm-none-eabi/12.3.1/thumb/v7e-m+fp/hard/crtbegin.o

.ccmram         0x10000000        0x0 load address 0x0800c740
                0x10000000                        . = ALIGN (0x4)
                0x10000000                        _sccmram = .
 *(.ccmram)
 *(.ccmram*)
                0x10000000                        . = ALIGN (0x4)
                0x10000000                        _eccmram = .
                0x10000000                        . = ALIGN (0x4)

.bss            0x200000c8      0xac0
                0x200000c8                        _sbss = .
                0x200000c8                        __bss_start__ = _sbss
 *(.bss)
 .bss           0x200000c8       0x1c C:/ST/STM32CubeIDE_1.14.0/STM32CubeIDE/plugins/com.st.stm32cube.ide.mcu.externaltools.gnu-tools-for-stm32.12.3.rel1.win32_1.0.100.202403111256/tools/bin/../lib/gcc/arm-none-eabi/12.3.1/thumb/v7e-m+fp/hard/crtbegin.o
 *(.bss*)
 .bss.counter_pressure
                0x200000e4        0x1 ./Core/Src/MS5611_I2C.o
                0x200000e4                counter_pressure
 .bss.temperature_counter
                0x200000e5        0x1 ./Core/Src/MS5611_I2C.o
                0x200000e5                temperature_counter
 .bss.average_temperature_mem_location
                0x200000e6        0x1 ./Core/Src/MS5611_I2C.o
                0x200000e6                average_temperature_mem_location
 *fill*         0x200000e7        0x1 
 .bss.raw_pressure
                0x200000e8        0x4 ./Core/Src/MS5611_I2C.o
                0x200000e8                raw_pressure
 .bss.raw_temperature
                0x200000ec        0x4 ./Core/Src/MS5611_I2C.o
                0x200000ec                raw_temperature
 .bss.raw_temperature_rotating_memory
                0x200000f0       0x18 ./Core/Src/MS5611_I2C.o
                0x200000f0                raw_temperature_rotating_memory
 .bss.raw_average_temperature_total
                0x20000108        0x4 ./Core/Src/MS5611_I2C.o
                0x20000108                raw_average_temperature_total
 .bss.actual_pressure
                0x2000010c        0x4 ./Core/Src/MS5611_I2C.o
                0x2000010c                actual_pressure
 .bss.actual_pressure_slow
                0x20000110        0x4 ./Core/Src/MS5611_I2C.o
                0x20000110                actual_pressure_slow
 .bss.actual_pressure_fast
                0x20000114        0x4 ./Core/Src/MS5611_I2C.o
                0x20000114                actual_pressure_fast
 .bss.actual_pressure_diff
                0x20000118        0x4 ./Core/Src/MS5611_I2C.o
                0x20000118                actual_pressure_diff
 .bss.pressure_rotating_mem
                0x2000011c       0xc8 ./Core/Src/MS5611_I2C.o
                0x2000011c                pressure_rotating_mem
 .bss.pressure_total_avarage
                0x200001e4        0x4 ./Core/Src/MS5611_I2C.o
                0x200001e4                pressure_total_avarage
 .bss.pressure_rotating_mem_location
                0x200001e8        0x1 ./Core/Src/MS5611_I2C.o
                0x200001e8                pressure_rotating_mem_location
 *fill*         0x200001e9        0x3 
 .bss.buffer    0x200001ec        0x5 ./Core/Src/MS5611_I2C.o
                0x200001ec                buffer
 *fill*         0x200001f1        0x3 
 .bss.calibrationData
                0x200001f4        0xe ./Core/Src/MS5611_I2C.o
                0x200001f4                calibrationData
 *fill*         0x20000202        0x6 
 .bss.OFF       0x20000208        0x8 ./Core/Src/MS5611_I2C.o
                0x20000208                OFF
 .bss.OFF2      0x20000210        0x8 ./Core/Src/MS5611_I2C.o
                0x20000210                OFF2
 .bss.SENS      0x20000218        0x8 ./Core/Src/MS5611_I2C.o
                0x20000218                SENS
 .bss.SENS2     0x20000220        0x8 ./Core/Src/MS5611_I2C.o
                0x20000220                SENS2
 .bss.dT        0x20000228        0x4 ./Core/Src/MS5611_I2C.o
                0x20000228                dT
 .bss.TEMP      0x2000022c        0x4 ./Core/Src/MS5611_I2C.o
                0x2000022c                TEMP
 .bss.P         0x20000230        0x4 ./Core/Src/MS5611_I2C.o
                0x20000230                P
 .bss.T2        0x20000234        0x4 ./Core/Src/MS5611_I2C.o
                0x20000234                T2
 .bss.pid_i_mem_altitude
                0x20000238        0x4 ./Core/Src/MS5611_I2C.o
                0x20000238                pid_i_mem_altitude
 .bss.pid_altitude_setpoint
                0x2000023c        0x4 ./Core/Src/MS5611_I2C.o
                0x2000023c                pid_altitude_setpoint
 .bss.pid_altitude_input
                0x20000240        0x4 ./Core/Src/MS5611_I2C.o
                0x20000240                pid_altitude_input
 .bss.pid_output_altitude
                0x20000244        0x4 ./Core/Src/MS5611_I2C.o
                0x20000244                pid_output_altitude
 .bss.pid_error_temp
                0x20000248        0x4 ./Core/Src/MS5611_I2C.o
                0x20000248                pid_error_temp
 .bss.parachute_rotating_mem_location
                0x2000024c        0x1 ./Core/Src/MS5611_I2C.o
                0x2000024c                parachute_rotating_mem_location
 *fill*         0x2000024d        0x3 
 .bss.parachute_buffer
                0x20000250       0x8c ./Core/Src/MS5611_I2C.o
                0x20000250                parachute_buffer
 .bss.parachute_throttle
                0x200002dc        0x4 ./Core/Src/MS5611_I2C.o
                0x200002dc                parachute_throttle
 .bss.pressure_parachute_previous
                0x200002e0        0x4 ./Core/Src/MS5611_I2C.o
                0x200002e0                pressure_parachute_previous
 .bss.pid_error_gain_altitude
                0x200002e4        0x4 ./Core/Src/MS5611_I2C.o
                0x200002e4                pid_error_gain_altitude
 .bss.manual_altitude_change
                0x200002e8        0x1 ./Core/Src/MS5611_I2C.o
                0x200002e8                manual_altitude_change
 *fill*         0x200002e9        0x3 
 .bss.check_time1
                0x200002ec        0x4 ./Core/Src/main.o
                0x200002ec                check_time1
 .bss.check_time2
                0x200002f0        0x4 ./Core/Src/main.o
                0x200002f0                check_time2
 .bss.check_time3
                0x200002f4        0x4 ./Core/Src/main.o
                0x200002f4                check_time3
 .bss.Flag_Plot
                0x200002f8        0x1 ./Core/Src/main.o
                0x200002f8                Flag_Plot
 *fill*         0x200002f9        0x3 
 .bss.Rx_Data   0x200002fc       0x4b ./Core/Src/main.o
                0x200002fc                Rx_Data
 *fill*         0x20000347        0x1 
 .bss.Rx_buff   0x20000348       0x4b ./Core/Src/main.o
                0x20000348                Rx_buff
 *fill*         0x20000393        0x1 
 .bss.Tx_buff   0x20000394       0x46 ./Core/Src/main.o
                0x20000394                Tx_buff
 .bss.size_RxData
                0x200003da        0x2 ./Core/Src/main.o
                0x200003da                size_RxData
 .bss.ch        0x200003dc       0x20 ./Core/Src/main.o
                0x200003dc                ch
 .bss.tick      0x200003fc        0x4 ./Core/Src/main.o
                0x200003fc                tick
 .bss.pulse     0x20000400        0x1 ./Core/Src/main.o
                0x20000400                pulse
 *fill*         0x20000401        0x3 
 .bss.AngleRoll
                0x20000404        0x4 ./Core/Src/main.o
                0x20000404                AngleRoll
 .bss.AnglePitch
                0x20000408        0x4 ./Core/Src/main.o
                0x20000408                AnglePitch
 .bss.AngleYaw  0x2000040c        0x4 ./Core/Src/main.o
                0x2000040c                AngleYaw
 .bss.pid_output_altitude1
                0x20000410        0x4 ./Core/Src/main.o
                0x20000410                pid_output_altitude1
 .bss.Accel_X_RAW
                0x20000414        0x2 ./Core/Src/main.o
                0x20000414                Accel_X_RAW
 .bss.Accel_Y_RAW
                0x20000416        0x2 ./Core/Src/main.o
                0x20000416                Accel_Y_RAW
 .bss.Accel_Z_RAW
                0x20000418        0x2 ./Core/Src/main.o
                0x20000418                Accel_Z_RAW
 .bss.Gyro_X_RAW
                0x2000041a        0x2 ./Core/Src/main.o
                0x2000041a                Gyro_X_RAW
 .bss.Gyro_Y_RAW
                0x2000041c        0x2 ./Core/Src/main.o
                0x2000041c                Gyro_Y_RAW
 .bss.Gyro_Z_RAW
                0x2000041e        0x2 ./Core/Src/main.o
                0x2000041e                Gyro_Z_RAW
 .bss.Ax        0x20000420        0x4 ./Core/Src/main.o
                0x20000420                Ax
 .bss.Ay        0x20000424        0x4 ./Core/Src/main.o
                0x20000424                Ay
 .bss.Az        0x20000428        0x4 ./Core/Src/main.o
                0x20000428                Az
 .bss.Gx        0x2000042c        0x4 ./Core/Src/main.o
                0x2000042c                Gx
 .bss.Gy        0x20000430        0x4 ./Core/Src/main.o
                0x20000430                Gy
 .bss.Gz        0x20000434        0x4 ./Core/Src/main.o
                0x20000434                Gz
 .bss.Gyro_X_Calib
                0x20000438        0x4 ./Core/Src/main.o
                0x20000438                Gyro_X_Calib
 .bss.Gyro_Y_Calib
                0x2000043c        0x4 ./Core/Src/main.o
                0x2000043c                Gyro_Y_Calib
 .bss.Gyro_Z_Calib
                0x20000440        0x4 ./Core/Src/main.o
                0x20000440                Gyro_Z_Calib
 .bss.loop_timer
                0x20000444        0x4 ./Core/Src/main.o
                0x20000444                loop_timer
 .bss.receiver_input_channel_1
                0x20000448        0x4 ./Core/Src/main.o
                0x20000448                receiver_input_channel_1
 .bss.receiver_input_channel_2
                0x2000044c        0x4 ./Core/Src/main.o
                0x2000044c                receiver_input_channel_2
 .bss.receiver_input_channel_3
                0x20000450        0x4 ./Core/Src/main.o
                0x20000450                receiver_input_channel_3
 .bss.receiver_input_channel_4
                0x20000454        0x4 ./Core/Src/main.o
                0x20000454                receiver_input_channel_4
 .bss.receiver_input_channel_5
                0x20000458        0x4 ./Core/Src/main.o
                0x20000458                receiver_input_channel_5
 .bss.flight_mode
                0x2000045c        0x4 ./Core/Src/main.o
                0x2000045c                flight_mode
 .bss.m8n_rx_buf
                0x20000460       0x24 ./Core/Src/main.o
                0x20000460                m8n_rx_buf
 .bss.cnt       0x20000484        0x4 ./Core/Src/main.o
                0x20000484                cnt
 .bss.KalmanAngleRoll
                0x20000488        0x4 ./Core/Src/main.o
                0x20000488                KalmanAngleRoll
 .bss.KalmanAnglePitch
                0x2000048c        0x4 ./Core/Src/main.o
                0x2000048c                KalmanAnglePitch
 .bss.Kalman1DOutput
                0x20000490        0x8 ./Core/Src/main.o
                0x20000490                Kalman1DOutput
 .bss.DesiredRateRoll
                0x20000498        0x4 ./Core/Src/main.o
                0x20000498                DesiredRateRoll
 .bss.DesiredRatePitch
                0x2000049c        0x4 ./Core/Src/main.o
                0x2000049c                DesiredRatePitch
 .bss.DesiredRateYaw
                0x200004a0        0x4 ./Core/Src/main.o
                0x200004a0                DesiredRateYaw
 .bss.ErrorRateRoll
                0x200004a4        0x4 ./Core/Src/main.o
                0x200004a4                ErrorRateRoll
 .bss.ErrorRatePitch
                0x200004a8        0x4 ./Core/Src/main.o
                0x200004a8                ErrorRatePitch
 .bss.ErrorRateYaw
                0x200004ac        0x4 ./Core/Src/main.o
                0x200004ac                ErrorRateYaw
 .bss.InputRoll
                0x200004b0        0x4 ./Core/Src/main.o
                0x200004b0                InputRoll
 .bss.InputThrottle
                0x200004b4        0x4 ./Core/Src/main.o
                0x200004b4                InputThrottle
 .bss.InputPitch
                0x200004b8        0x4 ./Core/Src/main.o
                0x200004b8                InputPitch
 .bss.InputYaw  0x200004bc        0x4 ./Core/Src/main.o
                0x200004bc                InputYaw
 .bss.PrevErrorRateRoll
                0x200004c0        0x4 ./Core/Src/main.o
                0x200004c0                PrevErrorRateRoll
 .bss.PrevErrorRatePitch
                0x200004c4        0x4 ./Core/Src/main.o
                0x200004c4                PrevErrorRatePitch
 .bss.PrevErrorRateYaw
                0x200004c8        0x4 ./Core/Src/main.o
                0x200004c8                PrevErrorRateYaw
 .bss.PrevItermRateRoll
                0x200004cc        0x4 ./Core/Src/main.o
                0x200004cc                PrevItermRateRoll
 .bss.PrevItermRatePitch
                0x200004d0        0x4 ./Core/Src/main.o
                0x200004d0                PrevItermRatePitch
 .bss.PrevItermRateYaw
                0x200004d4        0x4 ./Core/Src/main.o
                0x200004d4                PrevItermRateYaw
 .bss.PIDReturn
                0x200004d8        0xc ./Core/Src/main.o
                0x200004d8                PIDReturn
 .bss.MotorInput1
                0x200004e4        0x4 ./Core/Src/main.o
                0x200004e4                MotorInput1
 .bss.MotorInput2
                0x200004e8        0x4 ./Core/Src/main.o
                0x200004e8                MotorInput2
 .bss.MotorInput3
                0x200004ec        0x4 ./Core/Src/main.o
                0x200004ec                MotorInput3
 .bss.MotorInput4
                0x200004f0        0x4 ./Core/Src/main.o
                0x200004f0                MotorInput4
 .bss.DesiredAngleRoll
                0x200004f4        0x4 ./Core/Src/main.o
                0x200004f4                DesiredAngleRoll
 .bss.DesiredAnglePitch
                0x200004f8        0x4 ./Core/Src/main.o
                0x200004f8                DesiredAnglePitch
 .bss.ErrorAngleRoll
                0x200004fc        0x4 ./Core/Src/main.o
                0x200004fc                ErrorAngleRoll
 .bss.ErrorAnglePitch
                0x20000500        0x4 ./Core/Src/main.o
                0x20000500                ErrorAnglePitch
 .bss.PrevErrorAngleRoll
                0x20000504        0x4 ./Core/Src/main.o
                0x20000504                PrevErrorAngleRoll
 .bss.PrevErrorAnglePitch
                0x20000508        0x4 ./Core/Src/main.o
                0x20000508                PrevErrorAnglePitch
 .bss.PrevItermAngleRoll
                0x2000050c        0x4 ./Core/Src/main.o
                0x2000050c                PrevItermAngleRoll
 .bss.PrevItermAnglePitch
                0x20000510        0x4 ./Core/Src/main.o
                0x20000510                PrevItermAnglePitch
 .bss.rawGaX    0x20000514        0x4 ./Core/Src/main.o
                0x20000514                rawGaX
 .bss.rawGaY    0x20000518        0x4 ./Core/Src/main.o
                0x20000518                rawGaY
 .bss.rawGaZ    0x2000051c        0x4 ./Core/Src/main.o
                0x2000051c                rawGaZ
 .bss.GaX       0x20000520        0x4 ./Core/Src/main.o
                0x20000520                GaX
 .bss.GaY       0x20000524        0x4 ./Core/Src/main.o
                0x20000524                GaY
 .bss.GaZ       0x20000528        0x4 ./Core/Src/main.o
                0x20000528                GaZ
 .bss.mx        0x2000052c        0x4 ./Core/Src/main.o
                0x2000052c                mx
 .bss.my        0x20000530        0x4 ./Core/Src/main.o
                0x20000530                my
 .bss.mz        0x20000534        0x4 ./Core/Src/main.o
                0x20000534                mz
 .bss.compass_x_horizontal
                0x20000538        0x4 ./Core/Src/main.o
                0x20000538                compass_x_horizontal
 .bss.compass_y_horizontal
                0x2000053c        0x4 ./Core/Src/main.o
                0x2000053c                compass_y_horizontal
 .bss.actual_compass_heading
                0x20000540        0x4 ./Core/Src/main.o
                0x20000540                actual_compass_heading
 .bss.hi2c1     0x20000544       0x54 ./Core/Src/main.o
                0x20000544                hi2c1
 .bss.hi2c2     0x20000598       0x54 ./Core/Src/main.o
                0x20000598                hi2c2
 .bss.hi2c3     0x200005ec       0x54 ./Core/Src/main.o
                0x200005ec                hi2c3
 .bss.hdma_i2c1_rx
                0x20000640       0x60 ./Core/Src/main.o
                0x20000640                hdma_i2c1_rx
 .bss.hdma_i2c1_tx
                0x200006a0       0x60 ./Core/Src/main.o
                0x200006a0                hdma_i2c1_tx
 .bss.htim1     0x20000700       0x48 ./Core/Src/main.o
                0x20000700                htim1
 .bss.htim2     0x20000748       0x48 ./Core/Src/main.o
                0x20000748                htim2
 .bss.htim3     0x20000790       0x48 ./Core/Src/main.o
                0x20000790                htim3
 .bss.htim4     0x200007d8       0x48 ./Core/Src/main.o
                0x200007d8                htim4
 .bss.huart2    0x20000820       0x44 ./Core/Src/main.o
                0x20000820                huart2
 .bss.huart3    0x20000864       0x44 ./Core/Src/main.o
                0x20000864                huart3
 .bss.hdma_usart2_rx
                0x200008a8       0x60 ./Core/Src/main.o
                0x200008a8                hdma_usart2_rx
 .bss.hdma_usart2_tx
                0x20000908       0x60 ./Core/Src/main.o
                0x20000908                hdma_usart2_tx
 .bss.hdma_usart3_rx
                0x20000968       0x60 ./Core/Src/main.o
                0x20000968                hdma_usart3_rx
 .bss.hdma_usart3_tx
                0x200009c8       0x60 ./Core/Src/main.o
                0x200009c8                hdma_usart3_tx
 .bss.rx_data_gps
                0x20000a28       0x24 ./Core/Src/stm32f4xx_it.o
                0x20000a28                rx_data_gps
 .bss.uwTick    0x20000a4c        0x4 ./Drivers/STM32F4xx_HAL_Driver/Src/stm32f4xx_hal.o
                0x20000a4c                uwTick
 .bss.__sf      0x20000a50      0x138 C:/ST/STM32CubeIDE_1.14.0/STM32CubeIDE/plugins/com.st.stm32cube.ide.mcu.externaltools.gnu-tools-for-stm32.12.3.rel1.win32_1.0.100.202403111256/tools/bin/../lib/gcc/arm-none-eabi/12.3.1/../../../../arm-none-eabi/lib/thumb/v7e-m+fp/hard\libc_nano.a(libc_a-findfp.o)
                0x20000a50                __sf
 *(COMMON)
                0x20000b88                        . = ALIGN (0x4)
                0x20000b88                        _ebss = .
                0x20000b88                        __bss_end__ = _ebss

._user_heap_stack
                0x20000b88      0x600
                0x20000b88                        . = ALIGN (0x8)
                [!provide]                        PROVIDE (end = .)
                0x20000b88                        PROVIDE (_end = .)
                0x20000d88                        . = (. + _Min_Heap_Size)
 *fill*         0x20000b88      0x200 
                0x20001188                        . = (. + _Min_Stack_Size)
 *fill*         0x20000d88      0x400 
                0x20001188                        . = ALIGN (0x8)

/DISCARD/
 libc.a(*)
 libm.a(*)
 libgcc.a(*)

.ARM.attributes
                0x00000000       0x30
 *(.ARM.attributes)
 .ARM.attributes
                0x00000000       0x22 C:/ST/STM32CubeIDE_1.14.0/STM32CubeIDE/plugins/com.st.stm32cube.ide.mcu.externaltools.gnu-tools-for-stm32.12.3.rel1.win32_1.0.100.202403111256/tools/bin/../lib/gcc/arm-none-eabi/12.3.1/thumb/v7e-m+fp/hard/crti.o
 .ARM.attributes
                0x00000022       0x34 C:/ST/STM32CubeIDE_1.14.0/STM32CubeIDE/plugins/com.st.stm32cube.ide.mcu.externaltools.gnu-tools-for-stm32.12.3.rel1.win32_1.0.100.202403111256/tools/bin/../lib/gcc/arm-none-eabi/12.3.1/thumb/v7e-m+fp/hard/crtbegin.o
 .ARM.attributes
                0x00000056       0x34 ./Core/Src/DelayUs.o
 .ARM.attributes
                0x0000008a       0x34 ./Core/Src/M8N.o
 .ARM.attributes
                0x000000be       0x34 ./Core/Src/MS5611_I2C.o
 .ARM.attributes
                0x000000f2       0x34 ./Core/Src/main.o
 .ARM.attributes
                0x00000126       0x34 ./Core/Src/stm32f4xx_hal_msp.o
 .ARM.attributes
                0x0000015a       0x34 ./Core/Src/stm32f4xx_it.o
 .ARM.attributes
                0x0000018e       0x34 ./Core/Src/system_stm32f4xx.o
 .ARM.attributes
                0x000001c2       0x34 ./Core/Src/wire.o
 .ARM.attributes
                0x000001f6       0x21 ./Core/Startup/startup_stm32f407vgtx.o
 .ARM.attributes
                0x00000217       0x34 ./Drivers/STM32F4xx_HAL_Driver/Src/stm32f4xx_hal.o
 .ARM.attributes
                0x0000024b       0x34 ./Drivers/STM32F4xx_HAL_Driver/Src/stm32f4xx_hal_cortex.o
 .ARM.attributes
                0x0000027f       0x34 ./Drivers/STM32F4xx_HAL_Driver/Src/stm32f4xx_hal_dma.o
 .ARM.attributes
                0x000002b3       0x34 ./Drivers/STM32F4xx_HAL_Driver/Src/stm32f4xx_hal_gpio.o
 .ARM.attributes
                0x000002e7       0x34 ./Drivers/STM32F4xx_HAL_Driver/Src/stm32f4xx_hal_i2c.o
 .ARM.attributes
                0x0000031b       0x34 ./Drivers/STM32F4xx_HAL_Driver/Src/stm32f4xx_hal_rcc.o
 .ARM.attributes
                0x0000034f       0x34 ./Drivers/STM32F4xx_HAL_Driver/Src/stm32f4xx_hal_tim.o
 .ARM.attributes
                0x00000383       0x34 ./Drivers/STM32F4xx_HAL_Driver/Src/stm32f4xx_hal_tim_ex.o
 .ARM.attributes
                0x000003b7       0x34 ./Drivers/STM32F4xx_HAL_Driver/Src/stm32f4xx_hal_uart.o
 .ARM.attributes
                0x000003eb       0x34 C:/ST/STM32CubeIDE_1.14.0/STM32CubeIDE/plugins/com.st.stm32cube.ide.mcu.externaltools.gnu-tools-for-stm32.12.3.rel1.win32_1.0.100.202403111256/tools/bin/../lib/gcc/arm-none-eabi/12.3.1/../../../../arm-none-eabi/lib/thumb/v7e-m+fp/hard\libc_nano.a(libc_a-findfp.o)
 .ARM.attributes
                0x0000041f       0x34 C:/ST/STM32CubeIDE_1.14.0/STM32CubeIDE/plugins/com.st.stm32cube.ide.mcu.externaltools.gnu-tools-for-stm32.12.3.rel1.win32_1.0.100.202403111256/tools/bin/../lib/gcc/arm-none-eabi/12.3.1/../../../../arm-none-eabi/lib/thumb/v7e-m+fp/hard\libc_nano.a(libc_a-memset.o)
 .ARM.attributes
                0x00000453       0x34 C:/ST/STM32CubeIDE_1.14.0/STM32CubeIDE/plugins/com.st.stm32cube.ide.mcu.externaltools.gnu-tools-for-stm32.12.3.rel1.win32_1.0.100.202403111256/tools/bin/../lib/gcc/arm-none-eabi/12.3.1/../../../../arm-none-eabi/lib/thumb/v7e-m+fp/hard\libc_nano.a(libc_a-impure.o)
 .ARM.attributes
                0x00000487       0x34 C:/ST/STM32CubeIDE_1.14.0/STM32CubeIDE/plugins/com.st.stm32cube.ide.mcu.externaltools.gnu-tools-for-stm32.12.3.rel1.win32_1.0.100.202403111256/tools/bin/../lib/gcc/arm-none-eabi/12.3.1/../../../../arm-none-eabi/lib/thumb/v7e-m+fp/hard\libc_nano.a(libc_a-errno.o)
 .ARM.attributes
                0x000004bb       0x34 C:/ST/STM32CubeIDE_1.14.0/STM32CubeIDE/plugins/com.st.stm32cube.ide.mcu.externaltools.gnu-tools-for-stm32.12.3.rel1.win32_1.0.100.202403111256/tools/bin/../lib/gcc/arm-none-eabi/12.3.1/../../../../arm-none-eabi/lib/thumb/v7e-m+fp/hard\libc_nano.a(libc_a-init.o)
 .ARM.attributes
                0x000004ef       0x34 C:/ST/STM32CubeIDE_1.14.0/STM32CubeIDE/plugins/com.st.stm32cube.ide.mcu.externaltools.gnu-tools-for-stm32.12.3.rel1.win32_1.0.100.202403111256/tools/bin/../lib/gcc/arm-none-eabi/12.3.1/../../../../arm-none-eabi/lib/thumb/v7e-m+fp/hard\libc_nano.a(libc_a-memcpy-stub.o)
 .ARM.attributes
                0x00000523       0x34 C:/ST/STM32CubeIDE_1.14.0/STM32CubeIDE/plugins/com.st.stm32cube.ide.mcu.externaltools.gnu-tools-for-stm32.12.3.rel1.win32_1.0.100.202403111256/tools/bin/../lib/gcc/arm-none-eabi/12.3.1/../../../../arm-none-eabi/lib/thumb/v7e-m+fp/hard\libm.a(libm_a-w_atan2.o)
 .ARM.attributes
                0x00000557       0x34 C:/ST/STM32CubeIDE_1.14.0/STM32CubeIDE/plugins/com.st.stm32cube.ide.mcu.externaltools.gnu-tools-for-stm32.12.3.rel1.win32_1.0.100.202403111256/tools/bin/../lib/gcc/arm-none-eabi/12.3.1/../../../../arm-none-eabi/lib/thumb/v7e-m+fp/hard\libm.a(libm_a-w_pow.o)
 .ARM.attributes
                0x0000058b       0x34 C:/ST/STM32CubeIDE_1.14.0/STM32CubeIDE/plugins/com.st.stm32cube.ide.mcu.externaltools.gnu-tools-for-stm32.12.3.rel1.win32_1.0.100.202403111256/tools/bin/../lib/gcc/arm-none-eabi/12.3.1/../../../../arm-none-eabi/lib/thumb/v7e-m+fp/hard\libm.a(libm_a-w_sqrt.o)
 .ARM.attributes
                0x000005bf       0x34 C:/ST/STM32CubeIDE_1.14.0/STM32CubeIDE/plugins/com.st.stm32cube.ide.mcu.externaltools.gnu-tools-for-stm32.12.3.rel1.win32_1.0.100.202403111256/tools/bin/../lib/gcc/arm-none-eabi/12.3.1/../../../../arm-none-eabi/lib/thumb/v7e-m+fp/hard\libm.a(libm_a-s_atan.o)
 .ARM.attributes
                0x000005f3       0x34 C:/ST/STM32CubeIDE_1.14.0/STM32CubeIDE/plugins/com.st.stm32cube.ide.mcu.externaltools.gnu-tools-for-stm32.12.3.rel1.win32_1.0.100.202403111256/tools/bin/../lib/gcc/arm-none-eabi/12.3.1/../../../../arm-none-eabi/lib/thumb/v7e-m+fp/hard\libm.a(libm_a-s_cos.o)
 .ARM.attributes
                0x00000627       0x34 C:/ST/STM32CubeIDE_1.14.0/STM32CubeIDE/plugins/com.st.stm32cube.ide.mcu.externaltools.gnu-tools-for-stm32.12.3.rel1.win32_1.0.100.202403111256/tools/bin/../lib/gcc/arm-none-eabi/12.3.1/../../../../arm-none-eabi/lib/thumb/v7e-m+fp/hard\libm.a(libm_a-s_fabs.o)
 .ARM.attributes
                0x0000065b       0x34 C:/ST/STM32CubeIDE_1.14.0/STM32CubeIDE/plugins/com.st.stm32cube.ide.mcu.externaltools.gnu-tools-for-stm32.12.3.rel1.win32_1.0.100.202403111256/tools/bin/../lib/gcc/arm-none-eabi/12.3.1/../../../../arm-none-eabi/lib/thumb/v7e-m+fp/hard\libm.a(libm_a-s_sin.o)
 .ARM.attributes
                0x0000068f       0x34 C:/ST/STM32CubeIDE_1.14.0/STM32CubeIDE/plugins/com.st.stm32cube.ide.mcu.externaltools.gnu-tools-for-stm32.12.3.rel1.win32_1.0.100.202403111256/tools/bin/../lib/gcc/arm-none-eabi/12.3.1/../../../../arm-none-eabi/lib/thumb/v7e-m+fp/hard\libm.a(libm_a-s_finite.o)
 .ARM.attributes
                0x000006c3       0x34 C:/ST/STM32CubeIDE_1.14.0/STM32CubeIDE/plugins/com.st.stm32cube.ide.mcu.externaltools.gnu-tools-for-stm32.12.3.rel1.win32_1.0.100.202403111256/tools/bin/../lib/gcc/arm-none-eabi/12.3.1/../../../../arm-none-eabi/lib/thumb/v7e-m+fp/hard\libm.a(libm_a-e_sqrt.o)
 .ARM.attributes
                0x000006f7       0x34 C:/ST/STM32CubeIDE_1.14.0/STM32CubeIDE/plugins/com.st.stm32cube.ide.mcu.externaltools.gnu-tools-for-stm32.12.3.rel1.win32_1.0.100.202403111256/tools/bin/../lib/gcc/arm-none-eabi/12.3.1/../../../../arm-none-eabi/lib/thumb/v7e-m+fp/hard\libm.a(libm_a-k_cos.o)
 .ARM.attributes
                0x0000072b       0x34 C:/ST/STM32CubeIDE_1.14.0/STM32CubeIDE/plugins/com.st.stm32cube.ide.mcu.externaltools.gnu-tools-for-stm32.12.3.rel1.win32_1.0.100.202403111256/tools/bin/../lib/gcc/arm-none-eabi/12.3.1/../../../../arm-none-eabi/lib/thumb/v7e-m+fp/hard\libm.a(libm_a-k_sin.o)
 .ARM.attributes
                0x0000075f       0x34 C:/ST/STM32CubeIDE_1.14.0/STM32CubeIDE/plugins/com.st.stm32cube.ide.mcu.externaltools.gnu-tools-for-stm32.12.3.rel1.win32_1.0.100.202403111256/tools/bin/../lib/gcc/arm-none-eabi/12.3.1/../../../../arm-none-eabi/lib/thumb/v7e-m+fp/hard\libm.a(libm_a-e_atan2.o)
 .ARM.attributes
                0x00000793       0x34 C:/ST/STM32CubeIDE_1.14.0/STM32CubeIDE/plugins/com.st.stm32cube.ide.mcu.externaltools.gnu-tools-for-stm32.12.3.rel1.win32_1.0.100.202403111256/tools/bin/../lib/gcc/arm-none-eabi/12.3.1/../../../../arm-none-eabi/lib/thumb/v7e-m+fp/hard\libm.a(libm_a-e_pow.o)
 .ARM.attributes
                0x000007c7       0x34 C:/ST/STM32CubeIDE_1.14.0/STM32CubeIDE/plugins/com.st.stm32cube.ide.mcu.externaltools.gnu-tools-for-stm32.12.3.rel1.win32_1.0.100.202403111256/tools/bin/../lib/gcc/arm-none-eabi/12.3.1/../../../../arm-none-eabi/lib/thumb/v7e-m+fp/hard\libm.a(libm_a-e_rem_pio2.o)
 .ARM.attributes
                0x000007fb       0x34 C:/ST/STM32CubeIDE_1.14.0/STM32CubeIDE/plugins/com.st.stm32cube.ide.mcu.externaltools.gnu-tools-for-stm32.12.3.rel1.win32_1.0.100.202403111256/tools/bin/../lib/gcc/arm-none-eabi/12.3.1/../../../../arm-none-eabi/lib/thumb/v7e-m+fp/hard\libm.a(libm_a-s_scalbn.o)
 .ARM.attributes
                0x0000082f       0x34 C:/ST/STM32CubeIDE_1.14.0/STM32CubeIDE/plugins/com.st.stm32cube.ide.mcu.externaltools.gnu-tools-for-stm32.12.3.rel1.win32_1.0.100.202403111256/tools/bin/../lib/gcc/arm-none-eabi/12.3.1/../../../../arm-none-eabi/lib/thumb/v7e-m+fp/hard\libm.a(libm_a-math_err.o)
 .ARM.attributes
                0x00000863       0x34 C:/ST/STM32CubeIDE_1.14.0/STM32CubeIDE/plugins/com.st.stm32cube.ide.mcu.externaltools.gnu-tools-for-stm32.12.3.rel1.win32_1.0.100.202403111256/tools/bin/../lib/gcc/arm-none-eabi/12.3.1/../../../../arm-none-eabi/lib/thumb/v7e-m+fp/hard\libm.a(libm_a-k_rem_pio2.o)
 .ARM.attributes