11:14:17 **** Incremental Build of configuration Debug for project DA_F4_ide ****
make -j8 all 
arm-none-eabi-size  DA_F4_ide.elf 
   text	   data	    bss	    dec	    hex	filename
  51208	    208	   4344	  55760	   d9d0	DA_F4_ide.elf
Finished building: default.size.stdout
 
11:14:21 **** Incremental Build of configuration Debug for project DA_F4_ide ****
make -j8 all 
arm-none-eabi-size  DA_F4_ide.elf 
   text	   data	    bss	    dec	    hex	filename
  51208	    208	   4344	  55760	   d9d0	DA_F4_ide.elf
Finished building: default.size.stdout
 
11:14:41 **** Incremental Build of configuration Debug for project DA_F4_ide ****
make -j8 all 
arm-none-eabi-size  DA_F4_ide.elf 
   text	   data	    bss	    dec	    hex	filename
  51208	    208	   4344	  55760	   d9d0	DA_F4_ide.elf
Finished building: default.size.stdout
 
