10:06:26 **** Incremental Build of configuration Debug for project DA_F4_ide ****
make -j8 all 
arm-none-eabi-size  DA_F4_ide.elf 
   text	   data	    bss	    dec	    hex	filename
  50800	    208	   4288	  55296	   d800	DA_F4_ide.elf
Finished building: default.size.stdout
 
10:06:32 **** Incremental Build of configuration Debug for project DA_F4_ide ****
make -j8 all 
arm-none-eabi-size  DA_F4_ide.elf 
   text	   data	    bss	    dec	    hex	filename
  50800	    208	   4288	  55296	   d800	DA_F4_ide.elf
Finished building: default.size.stdout
 
